05:08:53 GAS 2024-11-13_025JC: MS=240 IS=100 nbins=16 gplb=300 npts=510 nilv=6980 nuniq=424320 (832 ilv, 8.39 repeats) dtdyn=5.00 us TE=0.620 ms kmax=40.36 dk; kept 0.8330
05:08:54 min |data| kept 0.00102: LB >= 93 keeps every sample (EPS rule); last kept sample index 509
05:08:57 collapsed sums done; bin weight totals {'all': 5814.0, 0: 904.3, 4: 904.3, 8: 904.3, 12: 904.3}
05:08:57 building production kernel ...
05:09:09 CHECK production rebuild bin 0 vs Tyger gas_phase: relerr 4.00e-07
05:09:10 object: lung 74150 vox, T lung mean 0.001327; corner 503329 vox
05:09:11 CHECK finufft axis/sign mapping vs analytic delta: max err 7.7e-11
05:09:11 probe points (z,y,x): [(40, 55, 30), (38, 55, 62), (65, 56, 28), (67, 55, 67)]
05:09:12 per-sample noise sigma (each of re/im) = 0.9797 (given)
05:09:14 object T (obj LB 0) carries noise sd 0.068 of its lung mean as fake detail
05:09:14 noise x2: sweep sigma 1.959
05:09:57 gplb100    MS=240 kd2=0.2 (sigma 0.132 dk) gplb=100: FWHM all 4.67 bin0 4.74 vox | blur 0.217 alias 0.012 noise 0.037 total 0.227 | holes 0.562 | real SNR 39.1 (44 s)
05:10:26 gplb150    MS=240 kd2=0.2 (sigma 0.132 dk) gplb=150: FWHM all 3.64 bin0 3.70 vox | blur 0.172 alias 0.016 noise 0.061 total 0.192 | holes 0.562 | real SNR 30.0 (29 s)
05:10:58 gplb200    MS=240 kd2=0.2 (sigma 0.132 dk) gplb=200: FWHM all 3.14 bin0 3.18 vox | blur 0.147 alias 0.019 noise 0.083 total 0.179 | holes 0.562 | real SNR 25.2 (32 s)
05:11:30 prod       MS=240 kd2=0.2 (sigma 0.132 dk) gplb=300: FWHM all 2.67 bin0 2.70 vox | blur 0.118 alias 0.021 noise 0.122 total 0.181 | holes 0.562 | real SNR 19.9 (32 s)
05:11:53 gplb450    MS=240 kd2=0.2 (sigma 0.132 dk) gplb=450: FWHM all 2.43 bin0 2.46 vox | blur 0.099 alias 0.023 noise 0.165 total 0.202 | holes 0.562 | real SNR 16.2 (23 s)
05:12:13 gplb700    MS=240 kd2=0.2 (sigma 0.132 dk) gplb=700: FWHM all 2.32 bin0 2.34 vox | blur 0.087 alias 0.025 noise 0.202 total 0.229 | holes 0.562 | real SNR 14.0 (20 s)
05:12:22 MS160      MS=160 kd2=0.2 (sigma 0.198 dk) gplb=300: FWHM all 2.59 bin0 2.61 vox | blur 0.112 alias 0.016 noise 0.175 total 0.212 | holes 0.311 | real SNR 18.2 (8 s)
05:12:34 MS200      MS=200 kd2=0.2 (sigma 0.158 dk) gplb=300: FWHM all 2.63 bin0 2.66 vox | blur 0.110 alias 0.017 noise 0.148 total 0.191 | holes 0.446 | real SNR 18.9 (13 s)
05:12:37 image stacks -> /Volumes/HoomHamExt/Work/Codes/2026_ASAP_Recon/tune_gas/2024-11-13_025JC_snr_nm2
05:12:38 done -> /Users/hoomham/Hooman/Work/Codes/2026_ASAP_Recon/workspace/outputs/tune_gas/2024-11-13_025JC_snr_nm2
