[atlas] 000LL: 1 session(s)
[atlas] 000SV: 1 session(s)
[atlas] 002ZS: 1 session(s)
[atlas] 003PM: 1 session(s)
[atlas] 004DS: 1 session(s)
[atlas] 005DS: 1 session(s)
[atlas] 006KL: 1 session(s)
[atlas] 008CR: 1 session(s)
[atlas] 008TP: 1 session(s)
[atlas] 009JT: 2 session(s)
[atlas] 009ML: 1 session(s)
[atlas] 010AJ: 1 session(s)
[atlas] 011BA: 1 session(s)
[atlas] 011CN: 1 session(s)
[atlas] 012EB: 1 session(s)
[atlas] 012SR: 1 session(s)
[atlas] 013VM: 1 session(s)
[atlas] 014KS: 1 session(s)
[atlas] 015HK: 1 session(s)
[atlas] 016PG: 1 session(s)
[atlas] 018CS: 1 session(s)
[atlas] 019LR: 1 session(s)
[atlas] 019WR: 1 session(s)
[atlas] 020JS: 1 session(s)
[atlas] 021CH: 1 session(s)
[atlas] 022VT: 1 session(s)
[atlas] 023DB: 1 session(s)
[atlas] 023LL: 1 session(s)
[atlas] 025JC: 1 session(s)
[atlas] 025VP: 1 session(s)
[atlas] 026CH: 1 session(s)
[atlas] 027JC: 1 session(s)
[atlas] 029CK: 1 session(s)
[atlas] 030DN: 1 session(s)
[atlas] 032WS: 2 session(s)
[atlas] 035EK: 1 session(s)
[atlas] 036RL: 3 session(s)
[atlas] 037GD: 1 session(s)
[atlas] 038RL: 1 session(s)
[atlas] 039CP: 2 session(s)
[atlas] 040RP: 1 session(s)
[atlas] 041WF: 1 session(s)
[atlas] 043AS: 4 session(s)
[atlas] 044DY: 3 session(s)
[atlas] 045VS: 1 session(s)
[atlas] 046AA: 1 session(s)
[atlas] 047SS: 1 session(s)
[atlas] 048JJ: 1 session(s)
[atlas] 049WG: 1 session(s)
[atlas] 050EH: 1 session(s)
[atlas] 051VM: 1 session(s)
[atlas] PDF -> /Users/hoomham/Hooman/Work/Codes/2026_ASAP_Recon/workspace/outputs/aikill_atlas/rbc_tm_atlas.pdf  (61 sessions)
