04:56:05 GAS 2024-11-13_025JC: MS=240 IS=100 nbins=16 gplb=300 npts=510 nilv=6980 nuniq=424320 (832 ilv, 8.39 repeats) dtdyn=5.00 us TE=0.620 ms kmax=40.36 dk; kept 0.8330
04:56:05 min |data| kept 0.00102: LB >= 93 keeps every sample (EPS rule); last kept sample index 509
04:56:07 collapsed sums done; bin weight totals {'all': 5814.0, 0: 904.3, 4: 904.3, 8: 904.3, 12: 904.3}
04:56:07 building production kernel ...
04:56:23 CHECK production rebuild bin 0 vs Tyger gas_phase: relerr 4.00e-07
04:56:23 object: lung 74150 vox, T lung mean 0.001327; corner 503329 vox
04:56:24 CHECK finufft axis/sign mapping vs analytic delta: max err 7.7e-11
04:56:25 probe points (z,y,x): [(40, 55, 30), (38, 55, 62), (65, 56, 28), (67, 55, 67)]
04:56:25 per-sample noise sigma (each of re/im) = 0.9797 (given)
04:56:27 object T (obj LB 0) carries noise sd 0.068 of its lung mean as fake detail
04:57:21 gplb100    MS=240 kd2=0.2 (sigma 0.132 dk) gplb=100: FWHM all 4.67 bin0 4.74 vox | blur 0.217 alias 0.012 noise 0.018 total 0.225 | holes 0.562 | real SNR 39.1 (54 s)
04:58:17 gplb150    MS=240 kd2=0.2 (sigma 0.132 dk) gplb=150: FWHM all 3.64 bin0 3.70 vox | blur 0.172 alias 0.016 noise 0.030 total 0.185 | holes 0.562 | real SNR 30.0 (56 s)
04:59:01 gplb200    MS=240 kd2=0.2 (sigma 0.132 dk) gplb=200: FWHM all 3.14 bin0 3.18 vox | blur 0.147 alias 0.019 noise 0.041 total 0.164 | holes 0.562 | real SNR 25.2 (44 s)
04:59:39 prod       MS=240 kd2=0.2 (sigma 0.132 dk) gplb=300: FWHM all 2.67 bin0 2.70 vox | blur 0.118 alias 0.021 noise 0.061 total 0.147 | holes 0.562 | real SNR 19.9 (38 s)
05:00:25 gplb450    MS=240 kd2=0.2 (sigma 0.132 dk) gplb=450: FWHM all 2.43 bin0 2.46 vox | blur 0.099 alias 0.023 noise 0.083 total 0.143 | holes 0.562 | real SNR 16.2 (46 s)
05:01:02 gplb700    MS=240 kd2=0.2 (sigma 0.132 dk) gplb=700: FWHM all 2.32 bin0 2.34 vox | blur 0.087 alias 0.025 noise 0.101 total 0.147 | holes 0.562 | real SNR 14.0 (37 s)
05:01:16 MS160      MS=160 kd2=0.2 (sigma 0.198 dk) gplb=300: FWHM all 2.59 bin0 2.61 vox | blur 0.112 alias 0.016 noise 0.087 total 0.148 | holes 0.311 | real SNR 18.2 (15 s)
05:01:44 MS200      MS=200 kd2=0.2 (sigma 0.158 dk) gplb=300: FWHM all 2.63 bin0 2.66 vox | blur 0.110 alias 0.017 noise 0.074 total 0.141 | holes 0.446 | real SNR 18.9 (28 s)
05:01:49 image stacks -> /Volumes/HoomHamExt/Work/Codes/2026_ASAP_Recon/tune_gas/2024-11-13_025JC_snr
05:01:51 done -> /Users/hoomham/Hooman/Work/Codes/2026_ASAP_Recon/workspace/outputs/tune_gas/2024-11-13_025JC_snr
