05:12:23 GAS 2024-10-02_011CN: MS=240 IS=100 nbins=16 gplb=300 npts=510 nilv=6581 nuniq=424320 (832 ilv, 7.91 repeats) dtdyn=5.00 us TE=0.620 ms kmax=40.36 dk; kept 0.8835
05:12:23 min |data| kept 0.000166: LB >= 96 keeps every sample (EPS rule); last kept sample index 509
05:12:23 collapsed sums done; bin weight totals {'all': 5814.0, 0: 904.3, 4: 904.3, 8: 904.3, 12: 904.3}
05:12:23 building production kernel ...
05:12:29 CHECK production rebuild bin 0 vs Tyger gas_phase: relerr 7.41e-06
05:12:29 object: lung 37418 vox, T lung mean 0.001681; corner 509593 vox
05:12:29 CHECK finufft axis/sign mapping vs analytic delta: max err 7.7e-11
05:12:30 probe points (z,y,x): [(42, 63, 25), (43, 56, 38), (67, 54, 22), (68, 50, 37)]
05:12:30 per-sample noise sigma (each of re/im) = 1.187 (given)
05:12:31 object T (obj LB 0) carries noise sd 0.063 of its lung mean as fake detail
05:12:31 noise x3: sweep sigma 3.561
05:12:54 gplb100    MS=240 kd2=0.2 (sigma 0.132 dk) gplb=100: FWHM all 4.67 bin0 4.73 vox | blur 0.281 alias 0.010 noise 0.053 total 0.294 | holes 0.545 | real SNR 30.7 (23 s)
05:13:23 gplb150    MS=240 kd2=0.2 (sigma 0.132 dk) gplb=150: FWHM all 3.64 bin0 3.69 vox | blur 0.221 alias 0.013 noise 0.087 total 0.247 | holes 0.545 | real SNR 25.9 (30 s)
05:13:44 gplb200    MS=240 kd2=0.2 (sigma 0.132 dk) gplb=200: FWHM all 3.14 bin0 3.17 vox | blur 0.189 alias 0.015 noise 0.119 total 0.233 | holes 0.545 | real SNR 23.0 (21 s)
05:14:04 prod       MS=240 kd2=0.2 (sigma 0.132 dk) gplb=300: FWHM all 2.67 bin0 2.70 vox | blur 0.155 alias 0.018 noise 0.175 total 0.243 | holes 0.545 | real SNR 19.5 (20 s)
05:14:23 gplb450    MS=240 kd2=0.2 (sigma 0.132 dk) gplb=450: FWHM all 2.43 bin0 2.46 vox | blur 0.134 alias 0.019 noise 0.238 total 0.281 | holes 0.545 | real SNR 16.7 (19 s)
05:14:42 gplb700    MS=240 kd2=0.2 (sigma 0.132 dk) gplb=700: FWHM all 2.32 bin0 2.34 vox | blur 0.122 alias 0.020 noise 0.291 total 0.322 | holes 0.545 | real SNR 14.9 (19 s)
05:14:50 MS160      MS=160 kd2=0.2 (sigma 0.198 dk) gplb=300: FWHM all 2.59 bin0 2.61 vox | blur 0.158 alias 0.011 noise 0.243 total 0.293 | holes 0.298 | real SNR 18.2 (8 s)
05:15:04 MS200      MS=200 kd2=0.2 (sigma 0.158 dk) gplb=300: FWHM all 2.63 bin0 2.65 vox | blur 0.147 alias 0.013 noise 0.210 total 0.262 | holes 0.429 | real SNR 18.8 (13 s)
05:15:07 image stacks -> /Volumes/HoomHamExt/Work/Codes/2026_ASAP_Recon/tune_gas/2024-10-02_011CN_snr_nm3
05:15:08 done -> /Users/hoomham/Hooman/Work/Codes/2026_ASAP_Recon/workspace/outputs/tune_gas/2024-10-02_011CN_snr_nm3
