template v3 (n=45): RBC 217.26 ppm / 11.9 ppm; mem1 201.12/11.6; mem2 196.16/8.2; a2/a1 1.62; psi 100 deg
template v2 (n=12): RBC 217.54 ppm / 11.8 ppm; mem1 201.27/11.8; mem2 196.34/8.5; a2/a1 1.69; psi 107 deg
2023-01-31_000LL v2 snr  55.4 M3 stable=yes | specfit   34.5 (drop  1.4 oe  3.3 hv  1.8) | template   37.5 (drop  0.1 oe  0.1 hv  3.1) ratio_l 0.750/0.730 scalar 0.475/0.403 dr +1.25 dm +0.75 res 0.103
2023-04-18_021JM v2 snr  41.0 M3 stable=no  | specfit   25.4 (drop 20.8 oe  nan hv  nan) | template   36.1 (drop  2.5 oe  nan hv  nan) ratio_l 0.397/0.563 scalar 0.251/0.282 dr +0.00 dm -1.25 res 0.130
2023-04-26_023DB v2 snr  44.6 M2 stable=no  | specfit   29.0 (drop 10.9 oe 17.6 hv 13.5) | template   23.0 (drop  2.7 oe  0.8 hv  6.4) ratio_l 0.320/0.239 scalar 0.203/0.239 dr -0.25 dm -1.00 res 0.112
2023-05-02_011BA v2 snr  53.0 M3 stable=yes | specfit   40.4 (drop  2.6 oe  0.1 hv  2.9) | template   38.8 (drop  0.2 oe  5.2 hv  2.5) ratio_l 0.406/0.403 scalar 0.257/0.249 dr +1.00 dm +1.00 res 0.103
2023-05-02_012SR v2 snr  62.9 M3 stable=yes | specfit   33.9 (drop  3.2 oe  2.0 hv  6.6) | template   42.6 (drop  0.4 oe  3.3 hv  1.1) ratio_l 0.300/0.297 scalar 0.190/0.168 dr -1.25 dm -1.50 res 0.082
2023-05-15_035EK v2 snr  56.3 M3 stable=yes | specfit   33.8 (drop  2.3 oe  1.7 hv  1.3) | template   29.3 (drop  0.1 oe  0.4 hv  2.0) ratio_l 0.445/0.426 scalar 0.281/0.311 dr +0.50 dm +0.75 res 0.048
2023-05-18_000SV v2 snr  59.2 M3 stable=yes | specfit   32.5 (drop  2.9 oe  0.9 hv  1.2) | template   33.1 (drop  0.3 oe  1.2 hv  3.2) ratio_l 0.361/0.374 scalar 0.228/0.233 dr -1.25 dm -1.00 res 0.049
2023-09-25_032WS v2 snr  70.2 M3 stable=yes | specfit   41.4 (drop  2.8 oe  3.0 hv  1.1) | template   54.6 (drop  2.5 oe  1.1 hv  4.0) ratio_l 0.247/0.253 scalar 0.157/0.167 dr -0.75 dm -1.00 res 0.091
2023-10-27_000LL v2 snr  52.7 M3 stable=yes | specfit   33.3 (drop  1.1 oe  0.4 hv  1.5) | template   38.6 (drop  0.1 oe  3.3 hv  1.1) ratio_l 0.829/0.741 scalar 0.524/0.482 dr -0.25 dm -0.50 res 0.057
2023-11-02_025VP v2 snr  35.5 M3 stable=yes | specfit   39.1 (drop  1.3 oe  nan hv  nan) | template   33.2 (drop  0.0 oe  nan hv  nan) ratio_l 0.546/0.445 scalar 0.346/0.444 dr +0.50 dm +0.75 res 0.241
2023-11-02_036RL v2 snr  55.1 M3 stable=yes | specfit   33.6 (drop  1.8 oe  nan hv  nan) | template   35.1 (drop  0.5 oe  nan hv  nan) ratio_l 0.261/0.298 scalar 0.165/0.201 dr -1.50 dm -1.25 res 0.094
2023-11-13_037GD v2 snr  58.2 M3 stable=no  | specfit   12.7 (drop 10.3 oe  1.3 hv 12.3) | template   48.0 (drop  4.4 oe  1.3 hv  4.5) ratio_l 0.247/0.302 scalar 0.156/0.208 dr -1.50 dm -1.00 res 0.369
2023-11-16_038RL v2 snr  75.7 M3 stable=no  | specfit   28.0 (drop  6.3 oe  3.1 hv  4.0) | template   42.5 (drop  2.8 oe  1.1 hv  1.2) ratio_l 0.387/0.363 scalar 0.245/0.232 dr -1.50 dm -0.75 res 0.283
2023-11-17_005DS v2 snr  51.0 M3 stable=yes | specfit   33.4 (drop  4.6 oe  3.3 hv  8.4) | template    9.0 (drop  0.1 oe  4.2 hv  1.5) ratio_l 0.405/0.434 scalar 0.256/0.292 dr +1.25 dm +0.00 res 0.128
2023-12-11_040RP v2 snr  84.8 M3 stable=no  | specfit   33.2 (drop 11.1 oe  6.4 hv  2.4) | template   53.0 (drop  5.6 oe  0.1 hv  0.7) ratio_l 0.216/0.209 scalar 0.137/0.140 dr -1.50 dm -1.25 res 0.328
2023-12-19_041WF v2 snr  69.6 M3 stable=yes | specfit   56.4 (drop  1.3 oe  1.2 hv  4.5) | template   53.5 (drop  0.1 oe  0.0 hv  0.5) ratio_l 0.251/0.258 scalar 0.159/0.153 dr +0.75 dm -0.25 res 0.022
2024-01-16_004DS v2 snr  57.8 M3 stable=yes | specfit   59.7 (drop  1.1 oe  6.6 hv 13.8) | template   17.0 (drop  2.6 oe  2.4 hv  2.5) ratio_l 0.215/0.307 scalar 0.136/0.169 dr +1.00 dm -0.75 res 0.119
2024-02-19_037GD v3 snr  66.8 M3 stable=yes | specfit   51.5 (drop  1.8 oe  2.1 hv  1.3) | template   56.8 (drop  2.1 oe  0.0 hv  1.0) ratio_l 0.259/0.266 scalar 0.174/0.171 dr -1.00 dm -1.00 res 0.044
2024-02-21_043AS v3 snr  62.7 M3 stable=yes | specfit   50.9 (drop  1.9 oe  2.7 hv  0.2) | template   49.3 (drop  2.2 oe  0.4 hv  6.6) ratio_l 0.306/0.320 scalar 0.206/0.217 dr -0.25 dm -1.25 res 0.091
2024-02-26_029CK v3 snr  57.8 M3 stable=yes | specfit   58.4 (drop  1.8 oe  0.1 hv  0.4) | template   54.5 (drop  0.6 oe  1.2 hv  1.4) ratio_l 0.480/0.482 scalar 0.323/0.290 dr +0.75 dm -1.00 res 0.079
2024-02-27_009JT v3 snr  55.8 M3 stable=no  | specfit   39.0 (drop  8.2 oe  5.8 hv  4.4) | template   39.2 (drop  5.5 oe  4.6 hv  1.7) ratio_l 0.356/0.385 scalar 0.240/0.254 dr +0.25 dm -1.25 res 0.223
2024-03-06_030DN v3 snr  64.1 M3 stable=no  | specfit   49.5 (drop  7.0 oe  6.0 hv  3.1) | template   59.1 (drop  2.5 oe  2.3 hv  3.5) ratio_l 0.323/0.364 scalar 0.217/0.197 dr -0.75 dm -1.25 res 0.081
2024-03-11_039CP v3 snr  60.9 M3 stable=yes | specfit   53.7 (drop  0.5 oe  0.8 hv  0.9) | template   51.9 (drop  0.7 oe  0.5 hv  0.6) ratio_l 0.373/0.368 scalar 0.251/0.249 dr -0.75 dm -1.50 res 0.079
2024-03-12_006KL v3 snr  66.7 M3 stable=yes | specfit   45.9 (drop  3.9 oe 22.1 hv 20.2) | template   56.6 (drop  5.2 oe  0.2 hv  1.5) ratio_l 0.289/0.269 scalar 0.194/0.183 dr -1.25 dm -1.00 res 0.182
2024-03-12_044DY v3 snr  69.8 M3 stable=yes | specfit   46.7 (drop  2.3 oe  3.9 hv  1.0) | template   56.2 (drop  0.9 oe  0.7 hv  0.2) ratio_l 0.261/0.265 scalar 0.176/0.165 dr -1.50 dm -1.25 res 0.075
2024-03-14_038RL v3 snr  63.8 M3 stable=yes | specfit   53.9 (drop  1.9 oe  0.5 hv  1.3) | template   56.9 (drop  0.1 oe  0.0 hv  0.4) ratio_l 0.507/0.516 scalar 0.341/0.296 dr +1.50 dm +1.25 res 0.033
2024-03-21_032WS v3 snr  65.0 M3 stable=yes | specfit   58.5 (drop  1.6 oe  0.6 hv  0.7) | template   53.5 (drop  2.1 oe  0.9 hv  0.7) ratio_l 0.269/0.283 scalar 0.181/0.194 dr +1.25 dm -0.75 res 0.051
2024-03-21_036RL v3 snr  65.4 M3 stable=yes | specfit   46.9 (drop  2.7 oe  1.1 hv  0.1) | template   47.7 (drop  0.9 oe  2.9 hv  2.3) ratio_l 0.289/0.278 scalar 0.195/0.190 dr -0.75 dm -0.25 res 0.068
2024-03-28_010AJ v3 snr  57.3 M2 stable=no  | specfit   41.2 (drop  3.6 oe  4.4 hv  2.3) | template   36.5 (drop  2.6 oe  1.1 hv  0.1) ratio_l 0.385/0.292 scalar 0.259/0.292 dr -0.50 dm -0.50 res 0.077
2024-04-01_008CR v3 snr  55.5 M3 stable=no  | specfit   46.0 (drop  5.9 oe  2.2 hv  8.4) | template   24.1 (drop  0.9 oe  1.7 hv  2.8) ratio_l 0.346/0.316 scalar 0.233/0.287 dr -1.50 dm -1.00 res 0.187
2024-04-03_040RP v3 snr  76.0 M3 stable=yes | specfit   56.2 (drop  0.8 oe  1.9 hv  4.7) | template   72.1 (drop  2.5 oe  1.3 hv  1.1) ratio_l 0.247/0.234 scalar 0.166/0.151 dr -1.00 dm -0.50 res 0.061
2024-04-09_019WR v3 snr  60.6 M3 stable=yes | specfit   48.4 (drop  3.7 oe  2.1 hv  0.7) | template   53.1 (drop  0.7 oe  0.3 hv  0.0) ratio_l 0.386/0.405 scalar 0.260/0.249 dr -0.50 dm -1.00 res 0.051
2024-04-22_025VP v3 snr  64.1 M3 stable=yes | specfit   47.9 (drop  1.9 oe  1.8 hv  1.1) | template   52.7 (drop  0.0 oe  0.7 hv  0.5) ratio_l 0.507/0.500 scalar 0.341/0.303 dr +0.50 dm +1.00 res 0.079
2024-04-25_042DR v3 snr  69.1 M2 stable=no  | specfit   90.2 (drop 31.2 oe  1.4 hv  2.4) | template   73.0 (drop  0.6 oe 10.1 hv  0.2) ratio_l 0.160/0.107 scalar 0.108/0.107 dr +0.00 dm +0.50 res 0.062
2024-05-02_023DB v3 snr  57.3 M3 stable=yes | specfit   55.9 (drop  1.8 oe  6.1 hv  9.6) | template   30.1 (drop  3.1 oe  1.3 hv  1.8) ratio_l 0.310/0.315 scalar 0.209/0.183 dr +0.00 dm -0.75 res 0.101
2024-05-06_043AS v3 snr  63.9 M3 stable=yes | specfit   55.9 (drop  0.3 oe  1.2 hv  2.1) | template   50.6 (drop  2.9 oe  4.1 hv  3.5) ratio_l 0.264/0.250 scalar 0.177/0.179 dr +0.00 dm -0.75 res 0.090
2024-05-08_012EB v3 snr  73.0 M3 stable=yes | specfit   55.8 (drop  1.0 oe  6.3 hv  3.6) | template   63.8 (drop  1.1 oe  0.6 hv  2.9) ratio_l 0.234/0.241 scalar 0.157/0.170 dr -1.50 dm -0.75 res 0.103
2024-05-13_002ZS v3 snr  63.9 M3 stable=no  | specfit   57.8 (drop  1.5 oe  9.6 hv  5.0) | template   52.7 (drop  1.2 oe  0.2 hv  1.4) ratio_l 0.332/0.321 scalar 0.223/0.214 dr -1.50 dm -0.50 res 0.070
2024-06-18_003PM v3 snr  69.8 M3 stable=yes | specfit   54.5 (drop  0.0 oe  0.9 hv  0.9) | template   61.8 (drop  0.8 oe  0.1 hv  0.5) ratio_l 0.337/0.319 scalar 0.226/0.234 dr -1.50 dm -0.75 res 0.096
2024-07-03_044DY v3 snr  69.1 M3 stable=yes | specfit   47.5 (drop  0.0 oe  0.8 hv  2.6) | template   54.3 (drop  0.7 oe  0.1 hv  0.4) ratio_l 0.298/0.287 scalar 0.201/0.193 dr -1.50 dm -1.00 res 0.055
2024-07-29_004DS v3 snr  61.9 M3 stable=yes | specfit   64.5 (drop  1.6 oe  0.5 hv  5.5) | template   47.3 (drop  1.2 oe  0.2 hv  1.3) ratio_l 0.409/0.336 scalar 0.275/0.310 dr -1.50 dm -0.75 res 0.141
2024-08-12_013VM v3 snr  67.9 M3 stable=yes | specfit   47.9 (drop  4.5 oe  1.8 hv  0.4) | template   43.1 (drop  4.7 oe  0.1 hv  0.1) ratio_l 0.262/0.292 scalar 0.176/0.224 dr -1.00 dm -1.50 res 0.129
2024-08-12_013VM v3 snr  66.4 M3 stable=yes | specfit   49.6 (drop  3.6 oe  1.3 hv  7.0) | template   46.1 (drop  4.5 oe  1.7 hv  0.7) ratio_l 0.271/0.291 scalar 0.182/0.219 dr -1.25 dm -1.25 res 0.122
2024-08-15_006MM v3 snr  62.9 M3 stable=yes | specfit   42.0 (drop  3.4 oe  2.6 hv  4.3) | template   42.9 (drop  0.4 oe  1.0 hv  2.1) ratio_l 0.374/0.380 scalar 0.252/0.242 dr +0.00 dm +0.00 res 0.029
2024-08-19_015HK v3 snr  58.4 M3 stable=yes | specfit   53.5 (drop  1.8 oe  0.5 hv  0.8) | template   51.3 (drop  2.2 oe  1.5 hv  1.5) ratio_l 0.484/0.473 scalar 0.325/0.320 dr -0.25 dm -0.75 res 0.109
2024-08-21_044DY v3 snr  69.8 M3 stable=yes | specfit   48.6 (drop  1.0 oe  0.9 hv  0.4) | template   58.1 (drop  0.7 oe  0.2 hv  0.6) ratio_l 0.347/0.317 scalar 0.233/0.216 dr -1.50 dm -0.50 res 0.055
2024-08-23_016PG v3 snr  51.3 M3 stable=yes | specfit   53.1 (drop  1.8 oe  0.5 hv  0.2) | template   49.8 (drop  0.3 oe  0.2 hv  0.5) ratio_l 0.838/0.789 scalar 0.564/0.491 dr +0.00 dm -0.50 res 0.066
2024-08-28_007IT v3 snr  66.1 M2 stable=no  | specfit   70.6 (drop 18.3 oe  4.1 hv  2.4) | template   62.1 (drop  1.3 oe  0.4 hv  0.9) ratio_l 0.265/0.176 scalar 0.178/0.176 dr -1.50 dm -1.50 res 0.078
2024-08-30_014KS v3 snr  59.2 M3 stable=yes | specfit   38.5 (drop  1.3 oe  0.5 hv  0.3) | template   39.3 (drop  0.7 oe  0.0 hv  0.3) ratio_l 0.502/0.476 scalar 0.338/0.358 dr -1.50 dm -0.75 res 0.079
2024-09-03_041WF v3 snr  61.0 M3 stable=yes | specfit   58.3 (drop  2.2 oe  0.6 hv  1.1) | template   53.4 (drop  2.3 oe  0.0 hv  1.5) ratio_l 0.392/0.376 scalar 0.264/0.236 dr +1.25 dm -0.50 res 0.067
2024-09-09_043AS v3 snr  71.3 M3 stable=yes | specfit   55.5 (drop  0.7 oe  0.9 hv  0.3) | template   55.0 (drop  0.1 oe  0.1 hv  0.1) ratio_l 0.280/0.269 scalar 0.188/0.193 dr +1.50 dm +1.25 res 0.056
2024-09-10_008TP v3 snr  65.4 M3 stable=yes | specfit   53.1 (drop  1.1 oe  0.2 hv  0.1) | template   55.2 (drop  0.3 oe  0.1 hv  0.3) ratio_l 0.468/0.445 scalar 0.315/0.333 dr -1.25 dm -0.75 res 0.074
2024-09-10_045VS v3 snr  67.8 M3 stable=yes | specfit   54.3 (drop  1.5 oe  0.3 hv  1.2) | template   64.1 (drop  2.0 oe  0.1 hv  0.9) ratio_l 0.428/0.393 scalar 0.288/0.264 dr -0.75 dm -0.75 res 0.061
2024-09-24_039CP v3 snr  61.1 M3 stable=yes | specfit   53.3 (drop  1.6 oe  2.2 hv  1.2) | template   49.5 (drop  0.2 oe  1.6 hv  1.8) ratio_l 0.392/0.387 scalar 0.264/0.256 dr +0.75 dm -0.25 res 0.029
2024-09-24_046AA v3 snr  67.2 M3 stable=yes | specfit   53.5 (drop  0.4 oe  2.4 hv  0.6) | template   58.0 (drop  2.1 oe  2.1 hv  1.0) ratio_l 0.340/0.311 scalar 0.229/0.207 dr +0.25 dm -0.25 res 0.038
2024-09-26_009ML v3 snr  61.9 M3 stable=yes | specfit   50.4 (drop  0.9 oe  1.3 hv  1.5) | template   50.1 (drop  2.1 oe  0.0 hv  0.4) ratio_l 0.404/0.387 scalar 0.272/0.266 dr -0.75 dm -0.50 res 0.081
2024-09-27_036RL v3 snr  68.7 M3 stable=yes | specfit   49.5 (drop  2.1 oe  2.6 hv  1.1) | template   47.3 (drop  0.8 oe  1.2 hv  1.7) ratio_l 0.220/0.230 scalar 0.148/0.156 dr -0.50 dm -0.25 res 0.042
2024-10-02_011CN v3 snr  67.0 M3 stable=yes | specfit   55.8 (drop  2.7 oe  2.2 hv  5.3) | template   54.1 (drop  0.1 oe  3.4 hv  3.0) ratio_l 0.380/0.397 scalar 0.256/0.279 dr -0.50 dm -1.25 res 0.116
2024-10-02_018CS v3 snr  42.4 M3 stable=no  | specfit   46.6 (drop  4.9 oe  8.2 hv  8.4) | template   40.8 (drop  0.8 oe  5.1 hv  7.3) ratio_l 0.527/0.575 scalar 0.355/0.370 dr -0.75 dm -1.25 res 0.188
2024-10-08_009JT v3 snr  65.1 M3 stable=no  | specfit   57.7 (drop  6.7 oe  1.5 hv  7.0) | template   47.7 (drop  5.5 oe  3.2 hv  0.4) ratio_l 0.332/0.376 scalar 0.223/0.265 dr -0.50 dm -1.25 res 0.244
2024-10-10_019LR v3 snr  70.6 M3 stable=yes | specfit   46.1 (drop  1.5 oe  5.8 hv  5.4) | template   44.7 (drop  1.2 oe  0.0 hv  1.2) ratio_l 0.346/0.361 scalar 0.233/0.301 dr -1.50 dm -1.50 res 0.102
2024-10-16_020JS v3 snr  60.5 M2 stable=no  | specfit   57.7 (drop  5.9 oe  7.8 hv  2.0) | template   43.9 (drop  4.8 oe  0.8 hv  0.2) ratio_l 0.306/0.238 scalar 0.206/0.238 dr +0.25 dm -1.25 res 0.154
2024-10-16_047SS v3 snr  61.3 M3 stable=yes | specfit   55.3 (drop  3.3 oe 15.7 hv  0.1) | template   33.4 (drop  4.8 oe  0.1 hv  2.6) ratio_l 0.295/0.323 scalar 0.198/0.246 dr +0.50 dm -0.50 res 0.139
2024-10-17_048JJ v3 snr  59.1 M3 stable=yes | specfit   49.1 (drop  2.1 oe  3.0 hv  1.8) | template   47.5 (drop  2.2 oe  0.1 hv  1.0) ratio_l 0.376/0.391 scalar 0.253/0.233 dr -0.50 dm -1.25 res 0.056
2024-10-22_021CH v3 snr  59.1 M3 stable=yes | specfit   61.1 (drop  1.8 oe  0.3 hv  2.4) | template   49.8 (drop  2.3 oe  0.4 hv  0.7) ratio_l 0.503/0.504 scalar 0.338/0.393 dr +0.25 dm -0.75 res 0.143
2024-10-23_047SS v3 snr  33.4 M3 stable=no  | specfit   68.1 (drop 18.5 oe 26.1 hv 16.5) | template    6.6 (drop  5.9 oe  0.8 hv  1.0) ratio_l 0.488/0.176 scalar 0.328/0.133 dr +1.50 dm +1.50 res 0.319
2024-10-28_022VT v3 snr  62.8 M3 stable=yes | specfit   48.8 (drop  3.0 oe  1.6 hv  4.0) | template   51.5 (drop  2.6 oe  0.5 hv  0.8) ratio_l 0.350/0.323 scalar 0.235/0.246 dr -1.50 dm -1.50 res 0.200
2024-10-29_049WG v3 snr  59.7 M3 stable=yes | specfit   55.3 (drop  1.0 oe  2.7 hv  3.5) | template   53.0 (drop  0.5 oe  0.2 hv  2.2) ratio_l 0.433/0.415 scalar 0.291/0.268 dr +0.00 dm -0.50 res 0.055
2024-11-05_023LL v3 snr  56.0 M3 stable=yes | specfit   49.5 (drop  0.0 oe  1.7 hv  5.1) | template   34.7 (drop  2.7 oe  0.4 hv  0.3) ratio_l 0.426/0.478 scalar 0.287/0.317 dr +0.25 dm -0.75 res 0.120
2024-11-13_025JC v3 snr  42.1 M3 stable=yes | specfit   51.5 (drop  1.8 oe  0.8 hv  0.8) | template   52.4 (drop  0.2 oe  0.1 hv  0.6) ratio_l 1.340/1.348 scalar 0.902/0.729 dr -1.00 dm -0.25 res 0.111
2024-11-18_026CH v3 snr  76.1 M3 stable=yes | specfit   63.3 (drop  1.5 oe  1.0 hv  3.8) | template   56.6 (drop  5.5 oe  5.4 hv  0.3) ratio_l 0.273/0.328 scalar 0.184/0.235 dr -1.00 dm +0.50 res 0.171
2024-11-26_050EH v3 snr  58.0 M3 stable=yes | specfit   47.7 (drop  4.1 oe  8.4 hv  1.2) | template   41.3 (drop  0.1 oe  1.3 hv  0.3) ratio_l 0.314/0.318 scalar 0.211/0.223 dr +1.25 dm -0.75 res 0.070
2024-12-05_043AS v3 snr  55.5 M2 stable=no  | specfit   59.4 (drop  0.3 oe 14.6 hv 12.3) | template   51.0 (drop  0.5 oe  3.1 hv  4.7) ratio_l 0.218/0.154 scalar 0.147/0.154 dr +0.25 dm -1.00 res 0.087
2024-12-06_051VM v3 snr  71.3 M2 stable=no  | specfit   47.6 (drop  2.7 oe 16.0 hv 20.2) | template   45.7 (drop  7.7 oe  2.6 hv  1.1) ratio_l 0.247/0.164 scalar 0.166/0.164 dr -1.25 dm -1.50 res 0.180
2024-12-09_027JC v3 snr  47.6 M3 stable=yes | specfit   50.3 (drop  0.8 oe  nan hv  nan) | template   39.1 (drop  2.7 oe  nan hv  nan) ratio_l 0.320/0.367 scalar 0.215/0.288 dr +0.25 dm -1.00 res 0.148

=== stable+valid rows (n=57): template - specfit dphi median -1.6 MAD 4.3, |>10 deg| 11
  sf_stab_drop    stable rows median/p90 1.8/3.5   unstable-or-invalid rows median/p90 6.8/19.2
  tp_stab_drop    stable rows median/p90 0.8/3.0   unstable-or-invalid rows median/p90 2.7/5.7
  sf_stab_oddeven stable rows median/p90 1.6/6.0   unstable-or-invalid rows median/p90 6.0/16.6
  tp_stab_oddeven stable rows median/p90 0.5/3.3   unstable-or-invalid rows median/p90 1.3/4.8
  sf_stab_halves  stable rows median/p90 1.3/6.3   unstable-or-invalid rows median/p90 5.0/14.7
  tp_stab_halves  stable rows median/p90 1.0/3.0   unstable-or-invalid rows median/p90 1.2/5.3
=== unstable/invalid rows:
  2023-04-18_021JM snr 41 scalar 0.282: specfit 25.4 (drop 20.8, oe nan) template 36.1 (drop 2.5, oe nan, hv nan)
  2023-04-26_023DB snr 45 scalar 0.239: specfit 29.0 (drop 10.9, oe 17.6) template 23.0 (drop 2.7, oe 0.8, hv 6.4)
  2023-11-13_037GD snr 58 scalar 0.208: specfit 12.7 (drop 10.3, oe 1.3) template 48.0 (drop 4.4, oe 1.3, hv 4.5)
  2023-11-16_038RL snr 76 scalar 0.232: specfit 28.0 (drop 6.3, oe 3.1) template 42.5 (drop 2.8, oe 1.1, hv 1.2)
  2023-12-11_040RP snr 85 scalar 0.140: specfit 33.2 (drop 11.1, oe 6.4) template 53.0 (drop 5.6, oe 0.1, hv 0.7)
  2024-02-27_009JT snr 56 scalar 0.254: specfit 39.0 (drop 8.2, oe 5.8) template 39.2 (drop 5.5, oe 4.6, hv 1.7)
  2024-03-06_030DN snr 64 scalar 0.197: specfit 49.5 (drop 7.0, oe 6.0) template 59.1 (drop 2.5, oe 2.3, hv 3.5)
  2024-03-28_010AJ snr 57 scalar 0.292: specfit 41.2 (drop 3.6, oe 4.4) template 36.5 (drop 2.6, oe 1.1, hv 0.1)
  2024-04-01_008CR snr 56 scalar 0.287: specfit 46.0 (drop 5.9, oe 2.2) template 24.1 (drop 0.9, oe 1.7, hv 2.8)
  2024-04-25_042DR snr 69 scalar 0.107: specfit 90.2 (drop 31.2, oe 1.4) template 73.0 (drop 0.6, oe 10.1, hv 0.2)
  2024-05-13_002ZS snr 64 scalar 0.214: specfit 57.8 (drop 1.5, oe 9.6) template 52.7 (drop 1.2, oe 0.2, hv 1.4)
  2024-08-28_007IT snr 66 scalar 0.176: specfit 70.6 (drop 18.3, oe 4.1) template 62.1 (drop 1.3, oe 0.4, hv 0.9)
  2024-10-02_018CS snr 42 scalar 0.370: specfit 46.6 (drop 4.9, oe 8.2) template 40.8 (drop 0.8, oe 5.1, hv 7.3)
  2024-10-08_009JT snr 65 scalar 0.265: specfit 57.7 (drop 6.7, oe 1.5) template 47.7 (drop 5.5, oe 3.2, hv 0.4)
  2024-10-16_020JS snr 60 scalar 0.238: specfit 57.7 (drop 5.9, oe 7.8) template 43.9 (drop 4.8, oe 0.8, hv 0.2)
  2024-10-23_047SS snr 33 scalar 0.133: specfit 68.1 (drop 18.5, oe 26.1) template 6.6 (drop 5.9, oe 0.8, hv 1.0)
  2024-12-05_043AS snr 56 scalar 0.154: specfit 59.4 (drop 0.3, oe 14.6) template 51.0 (drop 0.5, oe 3.1, hv 4.7)
  2024-12-06_051VM snr 71 scalar 0.164: specfit 47.6 (drop 2.7, oe 16.0) template 45.7 (drop 7.7, oe 2.6, hv 1.1)
fig -> /Users/hoomham/Hooman/Work/Codes/2026_ASAP_Recon/workspace/outputs/resplit_2026-09-24/fig/template_study.png
