setup_spreadinterp warning: ns reducing from 9 to 8 to prevent r_{dyn}-relatedcatastrophic cancellation.
setup_spreadinterp warning: ns reducing from 9 to 8 to prevent r_{dyn}-relatedcatastrophic cancellation.
setup_spreadinterp warning: ns reducing from 9 to 8 to prevent r_{dyn}-relatedcatastrophic cancellation.
setup_spreadinterp warning: ns reducing from 9 to 8 to prevent r_{dyn}-relatedcatastrophic cancellation.
setup_spreadinterp warning: ns reducing from 9 to 8 to prevent r_{dyn}-relatedcatastrophic cancellation.
setup_spreadinterp warning: ns reducing from 9 to 8 to prevent r_{dyn}-relatedcatastrophic cancellation.
setup_spreadinterp warning: ns reducing from 9 to 8 to prevent r_{dyn}-relatedcatastrophic cancellation.
setup_spreadinterp warning: ns reducing from 9 to 8 to prevent r_{dyn}-relatedcatastrophic cancellation.
setup_spreadinterp warning: ns reducing from 9 to 8 to prevent r_{dyn}-relatedcatastrophic cancellation.
setup_spreadinterp warning: ns reducing from 9 to 8 to prevent r_{dyn}-relatedcatastrophic cancellation.
setup_spreadinterp warning: ns reducing from 9 to 8 to prevent r_{dyn}-relatedcatastrophic cancellation.
setup_spreadinterp warning: ns reducing from 9 to 8 to prevent r_{dyn}-relatedcatastrophic cancellation.
setup_spreadinterp warning: ns reducing from 9 to 8 to prevent r_{dyn}-relatedcatastrophic cancellation.
setup_spreadinterp warning: ns reducing from 9 to 8 to prevent r_{dyn}-relatedcatastrophic cancellation.
setup_spreadinterp warning: ns reducing from 9 to 8 to prevent r_{dyn}-relatedcatastrophic cancellation.
setup_spreadinterp warning: ns reducing from 9 to 8 to prevent r_{dyn}-relatedcatastrophic cancellation.
true amplitude: max 1.021, corr with the shared surrogate 0.9314, state step 0.26 mm
  state 8/64 (73 s)
setup_spreadinterp warning: ns reducing from 9 to 8 to prevent r_{dyn}-relatedcatastrophic cancellation.
setup_spreadinterp warning: ns reducing from 9 to 8 to prevent r_{dyn}-relatedcatastrophic cancellation.
setup_spreadinterp warning: ns reducing from 9 to 8 to prevent r_{dyn}-relatedcatastrophic cancellation.
setup_spreadinterp warning: ns reducing from 9 to 8 to prevent r_{dyn}-relatedcatastrophic cancellation.
setup_spreadinterp warning: ns reducing from 9 to 8 to prevent r_{dyn}-relatedcatastrophic cancellation.
setup_spreadinterp warning: ns reducing from 9 to 8 to prevent r_{dyn}-relatedcatastrophic cancellation.
setup_spreadinterp warning: ns reducing from 9 to 8 to prevent r_{dyn}-relatedcatastrophic cancellation.
setup_spreadinterp warning: ns reducing from 9 to 8 to prevent r_{dyn}-relatedcatastrophic cancellation.
setup_spreadinterp warning: ns reducing from 9 to 8 to prevent r_{dyn}-relatedcatastrophic cancellation.
setup_spreadinterp warning: ns reducing from 9 to 8 to prevent r_{dyn}-relatedcatastrophic cancellation.
setup_spreadinterp warning: ns reducing from 9 to 8 to prevent r_{dyn}-relatedcatastrophic cancellation.
setup_spreadinterp warning: ns reducing from 9 to 8 to prevent r_{dyn}-relatedcatastrophic cancellation.
setup_spreadinterp warning: ns reducing from 9 to 8 to prevent r_{dyn}-relatedcatastrophic cancellation.
setup_spreadinterp warning: ns reducing from 9 to 8 to prevent r_{dyn}-relatedcatastrophic cancellation.
setup_spreadinterp warning: ns reducing from 9 to 8 to prevent r_{dyn}-relatedcatastrophic cancellation.
setup_spreadinterp warning: ns reducing from 9 to 8 to prevent r_{dyn}-relatedcatastrophic cancellation.
  state 16/64 (121 s)
setup_spreadinterp warning: ns reducing from 9 to 8 to prevent r_{dyn}-relatedcatastrophic cancellation.
setup_spreadinterp warning: ns reducing from 9 to 8 to prevent r_{dyn}-relatedcatastrophic cancellation.
setup_spreadinterp warning: ns reducing from 9 to 8 to prevent r_{dyn}-relatedcatastrophic cancellation.
setup_spreadinterp warning: ns reducing from 9 to 8 to prevent r_{dyn}-relatedcatastrophic cancellation.
setup_spreadinterp warning: ns reducing from 9 to 8 to prevent r_{dyn}-relatedcatastrophic cancellation.
setup_spreadinterp warning: ns reducing from 9 to 8 to prevent r_{dyn}-relatedcatastrophic cancellation.
setup_spreadinterp warning: ns reducing from 9 to 8 to prevent r_{dyn}-relatedcatastrophic cancellation.
setup_spreadinterp warning: ns reducing from 9 to 8 to prevent r_{dyn}-relatedcatastrophic cancellation.
setup_spreadinterp warning: ns reducing from 9 to 8 to prevent r_{dyn}-relatedcatastrophic cancellation.
setup_spreadinterp warning: ns reducing from 9 to 8 to prevent r_{dyn}-relatedcatastrophic cancellation.
setup_spreadinterp warning: ns reducing from 9 to 8 to prevent r_{dyn}-relatedcatastrophic cancellation.
setup_spreadinterp warning: ns reducing from 9 to 8 to prevent r_{dyn}-relatedcatastrophic cancellation.
setup_spreadinterp warning: ns reducing from 9 to 8 to prevent r_{dyn}-relatedcatastrophic cancellation.
setup_spreadinterp warning: ns reducing from 9 to 8 to prevent r_{dyn}-relatedcatastrophic cancellation.
setup_spreadinterp warning: ns reducing from 9 to 8 to prevent r_{dyn}-relatedcatastrophic cancellation.
setup_spreadinterp warning: ns reducing from 9 to 8 to prevent r_{dyn}-relatedcatastrophic cancellation.
  state 24/64 (170 s)
setup_spreadinterp warning: ns reducing from 9 to 8 to prevent r_{dyn}-relatedcatastrophic cancellation.
setup_spreadinterp warning: ns reducing from 9 to 8 to prevent r_{dyn}-relatedcatastrophic cancellation.
setup_spreadinterp warning: ns reducing from 9 to 8 to prevent r_{dyn}-relatedcatastrophic cancellation.
setup_spreadinterp warning: ns reducing from 9 to 8 to prevent r_{dyn}-relatedcatastrophic cancellation.
setup_spreadinterp warning: ns reducing from 9 to 8 to prevent r_{dyn}-relatedcatastrophic cancellation.
setup_spreadinterp warning: ns reducing from 9 to 8 to prevent r_{dyn}-relatedcatastrophic cancellation.
setup_spreadinterp warning: ns reducing from 9 to 8 to prevent r_{dyn}-relatedcatastrophic cancellation.
setup_spreadinterp warning: ns reducing from 9 to 8 to prevent r_{dyn}-relatedcatastrophic cancellation.
setup_spreadinterp warning: ns reducing from 9 to 8 to prevent r_{dyn}-relatedcatastrophic cancellation.
setup_spreadinterp warning: ns reducing from 9 to 8 to prevent r_{dyn}-relatedcatastrophic cancellation.
setup_spreadinterp warning: ns reducing from 9 to 8 to prevent r_{dyn}-relatedcatastrophic cancellation.
setup_spreadinterp warning: ns reducing from 9 to 8 to prevent r_{dyn}-relatedcatastrophic cancellation.
setup_spreadinterp warning: ns reducing from 9 to 8 to prevent r_{dyn}-relatedcatastrophic cancellation.
setup_spreadinterp warning: ns reducing from 9 to 8 to prevent r_{dyn}-relatedcatastrophic cancellation.
setup_spreadinterp warning: ns reducing from 9 to 8 to prevent r_{dyn}-relatedcatastrophic cancellation.
setup_spreadinterp warning: ns reducing from 9 to 8 to prevent r_{dyn}-relatedcatastrophic cancellation.
  state 32/64 (204 s)
setup_spreadinterp warning: ns reducing from 9 to 8 to prevent r_{dyn}-relatedcatastrophic cancellation.
setup_spreadinterp warning: ns reducing from 9 to 8 to prevent r_{dyn}-relatedcatastrophic cancellation.
setup_spreadinterp warning: ns reducing from 9 to 8 to prevent r_{dyn}-relatedcatastrophic cancellation.
setup_spreadinterp warning: ns reducing from 9 to 8 to prevent r_{dyn}-relatedcatastrophic cancellation.
setup_spreadinterp warning: ns reducing from 9 to 8 to prevent r_{dyn}-relatedcatastrophic cancellation.
setup_spreadinterp warning: ns reducing from 9 to 8 to prevent r_{dyn}-relatedcatastrophic cancellation.
setup_spreadinterp warning: ns reducing from 9 to 8 to prevent r_{dyn}-relatedcatastrophic cancellation.
setup_spreadinterp warning: ns reducing from 9 to 8 to prevent r_{dyn}-relatedcatastrophic cancellation.
setup_spreadinterp warning: ns reducing from 9 to 8 to prevent r_{dyn}-relatedcatastrophic cancellation.
setup_spreadinterp warning: ns reducing from 9 to 8 to prevent r_{dyn}-relatedcatastrophic cancellation.
setup_spreadinterp warning: ns reducing from 9 to 8 to prevent r_{dyn}-relatedcatastrophic cancellation.
setup_spreadinterp warning: ns reducing from 9 to 8 to prevent r_{dyn}-relatedcatastrophic cancellation.
setup_spreadinterp warning: ns reducing from 9 to 8 to prevent r_{dyn}-relatedcatastrophic cancellation.
setup_spreadinterp warning: ns reducing from 9 to 8 to prevent r_{dyn}-relatedcatastrophic cancellation.
setup_spreadinterp warning: ns reducing from 9 to 8 to prevent r_{dyn}-relatedcatastrophic cancellation.
setup_spreadinterp warning: ns reducing from 9 to 8 to prevent r_{dyn}-relatedcatastrophic cancellation.
  state 40/64 (227 s)
setup_spreadinterp warning: ns reducing from 9 to 8 to prevent r_{dyn}-relatedcatastrophic cancellation.
setup_spreadinterp warning: ns reducing from 9 to 8 to prevent r_{dyn}-relatedcatastrophic cancellation.
setup_spreadinterp warning: ns reducing from 9 to 8 to prevent r_{dyn}-relatedcatastrophic cancellation.
setup_spreadinterp warning: ns reducing from 9 to 8 to prevent r_{dyn}-relatedcatastrophic cancellation.
setup_spreadinterp warning: ns reducing from 9 to 8 to prevent r_{dyn}-relatedcatastrophic cancellation.
setup_spreadinterp warning: ns reducing from 9 to 8 to prevent r_{dyn}-relatedcatastrophic cancellation.
setup_spreadinterp warning: ns reducing from 9 to 8 to prevent r_{dyn}-relatedcatastrophic cancellation.
setup_spreadinterp warning: ns reducing from 9 to 8 to prevent r_{dyn}-relatedcatastrophic cancellation.
setup_spreadinterp warning: ns reducing from 9 to 8 to prevent r_{dyn}-relatedcatastrophic cancellation.
setup_spreadinterp warning: ns reducing from 9 to 8 to prevent r_{dyn}-relatedcatastrophic cancellation.
setup_spreadinterp warning: ns reducing from 9 to 8 to prevent r_{dyn}-relatedcatastrophic cancellation.
setup_spreadinterp warning: ns reducing from 9 to 8 to prevent r_{dyn}-relatedcatastrophic cancellation.
setup_spreadinterp warning: ns reducing from 9 to 8 to prevent r_{dyn}-relatedcatastrophic cancellation.
setup_spreadinterp warning: ns reducing from 9 to 8 to prevent r_{dyn}-relatedcatastrophic cancellation.
setup_spreadinterp warning: ns reducing from 9 to 8 to prevent r_{dyn}-relatedcatastrophic cancellation.
setup_spreadinterp warning: ns reducing from 9 to 8 to prevent r_{dyn}-relatedcatastrophic cancellation.
  state 48/64 (251 s)
setup_spreadinterp warning: ns reducing from 9 to 8 to prevent r_{dyn}-relatedcatastrophic cancellation.
setup_spreadinterp warning: ns reducing from 9 to 8 to prevent r_{dyn}-relatedcatastrophic cancellation.
setup_spreadinterp warning: ns reducing from 9 to 8 to prevent r_{dyn}-relatedcatastrophic cancellation.
setup_spreadinterp warning: ns reducing from 9 to 8 to prevent r_{dyn}-relatedcatastrophic cancellation.
setup_spreadinterp warning: ns reducing from 9 to 8 to prevent r_{dyn}-relatedcatastrophic cancellation.
setup_spreadinterp warning: ns reducing from 9 to 8 to prevent r_{dyn}-relatedcatastrophic cancellation.
setup_spreadinterp warning: ns reducing from 9 to 8 to prevent r_{dyn}-relatedcatastrophic cancellation.
setup_spreadinterp warning: ns reducing from 9 to 8 to prevent r_{dyn}-relatedcatastrophic cancellation.
setup_spreadinterp warning: ns reducing from 9 to 8 to prevent r_{dyn}-relatedcatastrophic cancellation.
setup_spreadinterp warning: ns reducing from 9 to 8 to prevent r_{dyn}-relatedcatastrophic cancellation.
setup_spreadinterp warning: ns reducing from 9 to 8 to prevent r_{dyn}-relatedcatastrophic cancellation.
setup_spreadinterp warning: ns reducing from 9 to 8 to prevent r_{dyn}-relatedcatastrophic cancellation.
setup_spreadinterp warning: ns reducing from 9 to 8 to prevent r_{dyn}-relatedcatastrophic cancellation.
setup_spreadinterp warning: ns reducing from 9 to 8 to prevent r_{dyn}-relatedcatastrophic cancellation.
setup_spreadinterp warning: ns reducing from 9 to 8 to prevent r_{dyn}-relatedcatastrophic cancellation.
setup_spreadinterp warning: ns reducing from 9 to 8 to prevent r_{dyn}-relatedcatastrophic cancellation.
  state 56/64 (272 s)
setup_spreadinterp warning: ns reducing from 9 to 8 to prevent r_{dyn}-relatedcatastrophic cancellation.
setup_spreadinterp warning: ns reducing from 9 to 8 to prevent r_{dyn}-relatedcatastrophic cancellation.
setup_spreadinterp warning: ns reducing from 9 to 8 to prevent r_{dyn}-relatedcatastrophic cancellation.
setup_spreadinterp warning: ns reducing from 9 to 8 to prevent r_{dyn}-relatedcatastrophic cancellation.
setup_spreadinterp warning: ns reducing from 9 to 8 to prevent r_{dyn}-relatedcatastrophic cancellation.
setup_spreadinterp warning: ns reducing from 9 to 8 to prevent r_{dyn}-relatedcatastrophic cancellation.
setup_spreadinterp warning: ns reducing from 9 to 8 to prevent r_{dyn}-relatedcatastrophic cancellation.
setup_spreadinterp warning: ns reducing from 9 to 8 to prevent r_{dyn}-relatedcatastrophic cancellation.
setup_spreadinterp warning: ns reducing from 9 to 8 to prevent r_{dyn}-relatedcatastrophic cancellation.
setup_spreadinterp warning: ns reducing from 9 to 8 to prevent r_{dyn}-relatedcatastrophic cancellation.
setup_spreadinterp warning: ns reducing from 9 to 8 to prevent r_{dyn}-relatedcatastrophic cancellation.
setup_spreadinterp warning: ns reducing from 9 to 8 to prevent r_{dyn}-relatedcatastrophic cancellation.
setup_spreadinterp warning: ns reducing from 9 to 8 to prevent r_{dyn}-relatedcatastrophic cancellation.
setup_spreadinterp warning: ns reducing from 9 to 8 to prevent r_{dyn}-relatedcatastrophic cancellation.
setup_spreadinterp warning: ns reducing from 9 to 8 to prevent r_{dyn}-relatedcatastrophic cancellation.
setup_spreadinterp warning: ns reducing from 9 to 8 to prevent r_{dyn}-relatedcatastrophic cancellation.
  state 64/64 (290 s)
phase amplitudes (x 16 mm = SI shift at the lung base): [0.11  0.182 0.225 0.264 0.302 0.383 0.472 0.56  0.713 0.494 0.368 0.305
 0.268 0.245 0.217 0.18 ]
done 420 s
