{'study': '2023-01-18_001JM_1', 'shape': '(16, 100, 100, 100)', 'mtime_pf': '2024-10-26 00:40', 'mtime_p1': '2024-10-26 01:02', 'shift': '0 0 0', 'lung_corr': 0.9846, 'dc_slope': 0.249, 'dc_icpt': 1.14, 'dc_corr': 0.998, 'dc_ratio_med': 0.242, 'bg_sd_ratio': 1.443, 'bg_corr': 0.286, 'lung_vox': 10560}
{'study': '2024-01-16_004DS', 'shape': '(16, 100, 100, 100)', 'mtime_pf': '2024-11-02 01:55', 'mtime_p1': '2024-11-02 01:59', 'shift': '0 0 0', 'lung_corr': 0.7876, 'dc_slope': 1.51, 'dc_icpt': 81.06, 'dc_corr': 0.29, 'dc_ratio_med': 0.075, 'bg_sd_ratio': 0.981, 'bg_corr': 0.474, 'lung_vox': 48742}
{'study': '2024-01-18_001JM', 'shape': '(16, 100, 100, 100)', 'mtime_pf': '2024-10-26 00:40', 'mtime_p1': '2024-10-26 01:02', 'shift': '0 0 0', 'lung_corr': 0.9846, 'dc_slope': 0.249, 'dc_icpt': 1.14, 'dc_corr': 0.998, 'dc_ratio_med': 0.242, 'bg_sd_ratio': 1.443, 'bg_corr': 0.286, 'lung_vox': 10560}
{'study': '2024-01-31_008CR', 'shape': '(16, 100, 100, 100)', 'mtime_pf': '2024-10-24 15:10', 'mtime_p1': '2024-10-24 15:23', 'shift': '0 0 0', 'lung_corr': 0.9725, 'dc_slope': 0.046, 'dc_icpt': 15.78, 'dc_corr': 0.397, 'dc_ratio_med': -0.11, 'bg_sd_ratio': 1.181, 'bg_corr': 0.375, 'lung_vox': 16148}
{'study': '2024-02-02_005DS', 'shape': '(16, 100, 100, 100)', 'mtime_pf': '2024-10-21 23:58', 'mtime_p1': '2024-10-22 00:17', 'shift': '0 0 0', 'lung_corr': 0.9424, 'dc_slope': 0.035, 'dc_icpt': -44.17, 'dc_corr': 0.131, 'dc_ratio_med': 0.275, 'bg_sd_ratio': 1.317, 'bg_corr': 0.252, 'lung_vox': 30589}
{'study': '2024-02-27_009JT', 'shape': '(16, 100, 100, 100)', 'mtime_pf': '2024-10-24 19:18', 'mtime_p1': '2024-10-24 19:09', 'shift': '0 0 0', 'lung_corr': 0.9873, 'dc_slope': 0.745, 'dc_icpt': -11.32, 'dc_corr': 0.976, 'dc_ratio_med': 0.835, 'bg_sd_ratio': 1.171, 'bg_corr': 0.684, 'lung_vox': 53375}
{'study': '2024-03-11_0039CP', 'shape': '(16, 100, 100, 100)', 'mtime_pf': '2025-01-17 16:01', 'mtime_p1': '2025-01-17 16:33', 'shift': '0 0 0', 'lung_corr': 0.9803, 'dc_slope': 0.453, 'dc_icpt': -15.62, 'dc_corr': 0.776, 'dc_ratio_med': 0.759, 'bg_sd_ratio': 1.197, 'bg_corr': 0.47, 'lung_vox': 54944}
{'study': '2024-03-11_039CP', 'shape': '(16, 100, 100, 100)', 'mtime_pf': '2025-01-17 16:01', 'mtime_p1': '2025-01-17 16:33', 'shift': '0 0 0', 'lung_corr': 0.9803, 'dc_slope': 0.453, 'dc_icpt': -15.62, 'dc_corr': 0.776, 'dc_ratio_med': 0.759, 'bg_sd_ratio': 1.197, 'bg_corr': 0.47, 'lung_vox': 54944}
{'study': '2024-03-28_010AJ', 'shape': '(16, 100, 100, 100)', 'mtime_pf': '2024-12-11 14:50', 'mtime_p1': '2024-12-11 14:59', 'shift': '0 0 0', 'lung_corr': 0.9855, 'dc_slope': 0.872, 'dc_icpt': 21.47, 'dc_corr': 0.881, 'dc_ratio_med': 0.503, 'bg_sd_ratio': 1.263, 'bg_corr': 0.53, 'lung_vox': 38044}
{'study': '2024-05-13_002ZS', 'shape': "ERROR KeyError: 'b'"}
{'study': '2024-06-18_003PM', 'shape': "ERROR KeyError: 'b'"}
{'study': '2024-07-29_004DS', 'shape': '(16, 100, 100, 100)', 'mtime_pf': '2024-10-31 23:05', 'mtime_p1': '2024-10-31 22:54', 'shift': '0 0 0', 'lung_corr': 0.9796, 'dc_slope': 1.045, 'dc_icpt': 50.26, 'dc_corr': 0.749, 'dc_ratio_med': 0.207, 'bg_sd_ratio': 1.254, 'bg_corr': 0.474, 'lung_vox': 35574}
{'study': '2024-08-12_013VP', 'shape': "ERROR KeyError: 'b'"}
{'study': '2024-08-15_006MM', 'shape': "ERROR KeyError: 'b'"}
{'study': '2024-08-19_015HK', 'shape': '(16, 100, 100, 100)', 'mtime_pf': '2024-09-30 13:29', 'mtime_p1': '2024-09-30 13:45', 'shift': '0 0 0', 'lung_corr': 0.993, 'dc_slope': 0.679, 'dc_icpt': -13.35, 'dc_corr': 0.975, 'dc_ratio_med': 0.833, 'bg_sd_ratio': 1.227, 'bg_corr': 0.453, 'lung_vox': 71594}
{'study': '2024-08-23_016PG', 'shape': '(16, 100, 100, 100)', 'mtime_pf': '2024-09-30 12:58', 'mtime_p1': '2024-09-30 13:11', 'shift': '0 0 0', 'lung_corr': 0.9659, 'dc_slope': 0.659, 'dc_icpt': -7.3, 'dc_corr': 0.987, 'dc_ratio_med': 0.761, 'bg_sd_ratio': 1.241, 'bg_corr': 0.488, 'lung_vox': 112391}
{'study': '2024-08-28_007IT', 'shape': "ERROR KeyError: 'b'"}
{'study': '2024-08-30_014KS', 'shape': "ERROR KeyError: 'b'"}
{'study': '2024-09-10_008TP', 'shape': '(16, 100, 100, 100)', 'mtime_pf': '2024-10-01 16:21', 'mtime_p1': '2024-10-01 16:42', 'shift': '0 0 0', 'lung_corr': 0.9889, 'dc_slope': 0.589, 'dc_icpt': -3.09, 'dc_corr': 0.948, 'dc_ratio_med': 0.63, 'bg_sd_ratio': 1.254, 'bg_corr': 0.463, 'lung_vox': 65841}
{'study': '2024-09-24_039CP', 'shape': '(16, 100, 100, 100)', 'mtime_pf': '2024-09-30 15:46', 'mtime_p1': '2024-09-30 16:03', 'shift': '0 0 0', 'lung_corr': 0.9898, 'dc_slope': 0.962, 'dc_icpt': 7.72, 'dc_corr': 0.986, 'dc_ratio_med': 0.85, 'bg_sd_ratio': 1.27, 'bg_corr': 0.528, 'lung_vox': 71179}
{'study': '2024-09-25_017ED', 'shape': '(16, 100, 100, 100)', 'mtime_pf': '2024-09-30 14:15', 'mtime_p1': '2024-09-30 15:22', 'shift': '0 0 0', 'lung_corr': 0.9574, 'dc_slope': 0.411, 'dc_icpt': -1.54, 'dc_corr': 0.844, 'dc_ratio_med': 0.457, 'bg_sd_ratio': 1.258, 'bg_corr': 0.586, 'lung_vox': 42590}
{'study': '2024-10-02_011CN', 'shape': '(16, 100, 100, 100)', 'mtime_pf': '2024-10-03 10:57', 'mtime_p1': '2024-10-03 11:42', 'shift': '0 0 0', 'lung_corr': 0.9875, 'dc_slope': 0.689, 'dc_icpt': -26.58, 'dc_corr': 0.928, 'dc_ratio_med': 0.945, 'bg_sd_ratio': 1.193, 'bg_corr': 0.653, 'lung_vox': 46907}
{'study': '2024-10-02_018CS', 'shape': '(16, 100, 100, 100)', 'mtime_pf': '2024-10-03 12:39', 'mtime_p1': '2024-10-03 12:53', 'shift': '0 0 0', 'lung_corr': 0.9776, 'dc_slope': 0.703, 'dc_icpt': -12.27, 'dc_corr': 0.991, 'dc_ratio_med': 0.859, 'bg_sd_ratio': 1.199, 'bg_corr': 0.628, 'lung_vox': 36176}
{'study': '2024-10-08_009JT', 'shape': '(16, 100, 100, 100)', 'mtime_pf': '2024-10-08 15:15', 'mtime_p1': '2024-10-08 14:52', 'shift': '0 0 0', 'lung_corr': 0.9897, 'dc_slope': 0.828, 'dc_icpt': -4.65, 'dc_corr': 0.995, 'dc_ratio_med': 0.885, 'bg_sd_ratio': 1.194, 'bg_corr': 0.791, 'lung_vox': 42609}
{'study': '2024-10-10_002BB', 'shape': '(16, 100, 100, 100)', 'mtime_pf': '2024-09-19 13:01', 'mtime_p1': '2024-09-19 13:17', 'shift': '0 0 0', 'lung_corr': 0.935, 'dc_slope': 0.812, 'dc_icpt': -11.16, 'dc_corr': 0.833, 'dc_ratio_med': 0.911, 'bg_sd_ratio': 1.41, 'bg_corr': 0.559, 'lung_vox': 62031}
{'study': '2024-10-10_019LR', 'shape': '(16, 100, 100, 100)', 'mtime_pf': '2024-11-10 20:35', 'mtime_p1': '2024-11-10 20:47', 'shift': '0 0 0', 'lung_corr': 0.9941, 'dc_slope': 0.927, 'dc_icpt': 1.89, 'dc_corr': 0.997, 'dc_ratio_med': 0.907, 'bg_sd_ratio': 1.22, 'bg_corr': 0.643, 'lung_vox': 46708}
{'study': '2024-10-17_048JJ', 'shape': '(16, 100, 100, 100)', 'mtime_pf': '2024-11-01 08:22', 'mtime_p1': '2024-11-01 08:32', 'shift': '0 0 0', 'lung_corr': 0.983, 'dc_slope': 0.707, 'dc_icpt': 1.65, 'dc_corr': 0.978, 'dc_ratio_med': 0.673, 'bg_sd_ratio': 1.24, 'bg_corr': 0.584, 'lung_vox': 64489}
{'study': '2024-10-20_001JM', 'shape': '(16, 100, 100, 100)', 'mtime_pf': '2024-10-28 02:46', 'mtime_p1': '2024-10-28 03:05', 'shift': '0 0 0', 'lung_corr': 0.9937, 'dc_slope': 0.645, 'dc_icpt': 0.89, 'dc_corr': 0.99, 'dc_ratio_med': 0.623, 'bg_sd_ratio': 1.236, 'bg_corr': 0.624, 'lung_vox': 34994}
{'study': '2024-10-22_021CH', 'shape': '(16, 100, 100, 100)', 'mtime_pf': '2024-11-10 20:00', 'mtime_p1': '2024-11-10 20:14', 'shift': '0 0 0', 'lung_corr': 0.9914, 'dc_slope': 0.847, 'dc_icpt': 1.41, 'dc_corr': 0.977, 'dc_ratio_med': 0.828, 'bg_sd_ratio': 1.217, 'bg_corr': 0.632, 'lung_vox': 40962}
{'study': '2024-10-28_0022VT', 'shape': '(16, 100, 100, 100)', 'mtime_pf': '2024-11-10 19:07', 'mtime_p1': '2024-11-10 19:16', 'shift': '0 0 0', 'lung_corr': 0.9684, 'dc_slope': 0.371, 'dc_icpt': -14.95, 'dc_corr': 0.87, 'dc_ratio_med': 0.669, 'bg_sd_ratio': 1.218, 'bg_corr': 0.503, 'lung_vox': 38122}
{'study': '2024-10-29_049WG', 'shape': '(16, 100, 100, 100)', 'mtime_pf': '2024-11-10 21:02', 'mtime_p1': '2024-11-10 21:10', 'shift': '0 0 0', 'lung_corr': 0.9583, 'dc_slope': 0.953, 'dc_icpt': 5.39, 'dc_corr': 0.974, 'dc_ratio_med': 0.795, 'bg_sd_ratio': 1.286, 'bg_corr': 0.577, 'lung_vox': 51218}
{'study': '2024-10-30_LAM5182', 'shape': '(16, 100, 100, 100)', 'mtime_pf': '2024-10-30 20:16', 'mtime_p1': '2024-10-30 20:07', 'shift': '0 0 0', 'lung_corr': 0.9548, 'dc_slope': -0.076, 'dc_icpt': -31.21, 'dc_corr': -0.195, 'dc_ratio_med': 0.841, 'bg_sd_ratio': 1.158, 'bg_corr': 0.448, 'lung_vox': 18365}
{'study': '2024-10-31_003KH', 'shape': '(16, 100, 100, 100)', 'mtime_pf': '2024-10-24 17:36', 'mtime_p1': '2024-10-24 17:45', 'shift': '0 0 0', 'lung_corr': 0.9802, 'dc_slope': 0.795, 'dc_icpt': 1.57, 'dc_corr': 0.993, 'dc_ratio_med': 0.772, 'bg_sd_ratio': 1.065, 'bg_corr': 0.906, 'lung_vox': 41372}
{'study': '2024-11-06_002ZS', 'shape': "ERROR KeyError: 'b'"}
{'study': '2024-11-13_025JC', 'shape': '(16, 100, 100, 100)', 'mtime_pf': '2024-11-13 14:32', 'mtime_p1': '2024-11-13 15:06', 'shift': '0 0 0', 'lung_corr': 0.9843, 'dc_slope': 0.986, 'dc_icpt': 2.18, 'dc_corr': 0.984, 'dc_ratio_med': 0.952, 'bg_sd_ratio': 1.225, 'bg_corr': 0.521, 'lung_vox': 72166}
{'study': '2024-11-17_005DS', 'shape': '(16, 100, 100, 100)', 'mtime_pf': '2024-10-22 20:21', 'mtime_p1': '2024-10-22 20:43', 'shift': '0 0 0', 'lung_corr': 0.9848, 'dc_slope': 1.007, 'dc_icpt': 4.37, 'dc_corr': 0.927, 'dc_ratio_med': 0.873, 'bg_sd_ratio': 1.212, 'bg_corr': 0.598, 'lung_vox': 32180}
{'study': '2024-12-06_003PM', 'shape': '(16, 100, 100, 100)', 'mtime_pf': '2024-10-31 23:57', 'mtime_p1': '2024-11-01 00:07', 'shift': '0 0 0', 'lung_corr': 0.9862, 'dc_slope': 0.63, 'dc_icpt': -22.03, 'dc_corr': 0.789, 'dc_ratio_med': 0.89, 'bg_sd_ratio': 1.199, 'bg_corr': 0.755, 'lung_vox': 53148}
{'study': '2024-12-09_027JC', 'shape': '(16, 100, 100, 100)', 'mtime_pf': '2024-12-11 14:34', 'mtime_p1': '2024-12-10 16:37', 'shift': '0 0 0', 'lung_corr': 0.9627, 'dc_slope': 0.522, 'dc_icpt': 0.97, 'dc_corr': 0.716, 'dc_ratio_med': 0.463, 'bg_sd_ratio': 1.235, 'bg_corr': 0.483, 'lung_vox': 38999}
{'study': '2024-12-15_003KH', 'shape': '(16, 100, 100, 100)', 'mtime_pf': '2024-10-24 18:01', 'mtime_p1': '2024-10-24 18:39', 'shift': '0 0 0', 'lung_corr': 0.9803, 'dc_slope': 0.709, 'dc_icpt': -0.5, 'dc_corr': 0.562, 'dc_ratio_med': 0.703, 'bg_sd_ratio': 1.3, 'bg_corr': 0.674, 'lung_vox': 40845}
