=== RUN 006KL_post__2024-03-12_006KL
{
 "euler_deg": [
  4.892360497354306,
  -2.1842737469246725,
  -1.0048484732560379
 ],
 "translation_mm": [
  19.135494187359612,
  7.163209061549606,
  -1.032179669514632
 ],
 "center": [
  25.899887596782747,
  -153.05009994329728,
  -202.6540826342363
 ],
 "mi_lowres": -0.06585459366072428,
 "mi_fullres": -0.0747847049915946,
 "stop": "RegularStepGradientDescentOptimizerv4: Gradient magnitude tolerance met after 25 iterations. Gradient magnitude (9.59012e-06) is less than gradient magnitude tolerance (1e-05).",
 "mri_inside_ctlung": 0.8713870041414569,
 "ctlung_covered_by_mri": 0.29653461707312895
}
similarity scale 0.9443874104016386
006KL_post__2024-03-12_006KL overlays done: /Users/hoomham/Hooman/Work/Codes/2026_ASAP_Recon/workspace/helpers/ct/../../outputs/ct_overlay/006KL_post__2024-03-12_006KL
006KL_post__2024-03-12_006KL video: /Users/hoomham/Hooman/Work/Codes/2026_ASAP_Recon/workspace/helpers/ct/../../outputs/ct_overlay/006KL_post__2024-03-12_006KL/bins_video.mp4 | gif: /Volumes/HoomHamExt/Work/Codes/2026_ASAP_Recon/ct_overlay/006KL_post__2024-03-12_006KL/bins_video.gif
