=== RUN 007RA_pre__2024-01-22_007RA
{
 "euler_deg": [
  4.106123180524787,
  0.8783756264905023,
  -0.5836846372455937
 ],
 "translation_mm": [
  -15.496679467975817,
  -3.57625615247324,
  -9.06825789969829
 ],
 "center": [
  -18.32250019952582,
  18.73552992179245,
  -171.3630237825952
 ],
 "mi_lowres": -0.1634378243937777,
 "mi_fullres": -0.16237859010570527,
 "stop": "RegularStepGradientDescentOptimizerv4: Gradient magnitude tolerance met after 33 iterations. Gradient magnitude (7.51169e-06) is less than gradient magnitude tolerance (1e-05).",
 "mri_inside_ctlung": 0.980547039609369,
 "ctlung_covered_by_mri": 0.26864027586038386
}
similarity scale 0.9464978072003807
007RA_pre__2024-01-22_007RA overlays done: /Users/hoomham/Hooman/Work/Codes/2026_ASAP_Recon/workspace/helpers/ct/../../outputs/ct_overlay/007RA_pre__2024-01-22_007RA
007RA_pre__2024-01-22_007RA video: /Users/hoomham/Hooman/Work/Codes/2026_ASAP_Recon/workspace/helpers/ct/../../outputs/ct_overlay/007RA_pre__2024-01-22_007RA/bins_video.mp4 | gif: /Volumes/HoomHamExt/Work/Codes/2026_ASAP_Recon/ct_overlay/007RA_pre__2024-01-22_007RA/bins_video.gif
