=== RUN 005DS_pre__2023-11-17_005DS
{
 "euler_deg": [
  -4.82028859430379,
  -2.5664045315695656,
  6.077703009374565
 ],
 "translation_mm": [
  -11.952080257042965,
  -5.298651678680336,
  23.692321591245072
 ],
 "center": [
  -33.899741307785774,
  35.170758471488455,
  1964.154506241651
 ],
 "mi_lowres": -0.10361636215910673,
 "mi_fullres": -0.1068560519397747,
 "stop": "RegularStepGradientDescentOptimizerv4: Step too small after 85 iterations. Current step (0.00094037) is less than minimum step (0.001).",
 "mri_inside_ctlung": 0.9729387536119652,
 "ctlung_covered_by_mri": 0.267457113446406
}
similarity scale 1.0009097723637093
005DS_pre__2023-11-17_005DS overlays done: /Users/hoomham/Hooman/Work/Codes/2026_ASAP_Recon/workspace/helpers/ct/../../outputs/ct_overlay/005DS_pre__2023-11-17_005DS
005DS_pre__2023-11-17_005DS video: /Users/hoomham/Hooman/Work/Codes/2026_ASAP_Recon/workspace/helpers/ct/../../outputs/ct_overlay/005DS_pre__2023-11-17_005DS/bins_video.mp4 | gif: /Volumes/HoomHamExt/Work/Codes/2026_ASAP_Recon/ct_overlay/005DS_pre__2023-11-17_005DS/bins_video.gif
