=== RUN 030DN__2023-04-07_030DN
{
 "euler_deg": [
  -3.7273173171584384,
  -0.3417481726063937,
  1.6534880288463731
 ],
 "translation_mm": [
  11.938552299498864,
  0.47897583711153974,
  -1.3038785563669497
 ],
 "center": [
  6.080882155107645,
  -142.53977935910075,
  -221.42862092903962
 ],
 "mi_lowres": -0.3085795613645686,
 "mi_fullres": -0.3121605214877872,
 "stop": "RegularStepGradientDescentOptimizerv4: Step too small after 39 iterations. Current step (0.00094037) is less than minimum step (0.001).",
 "mri_inside_ctlung": 0.9787107017850288,
 "ctlung_covered_by_mri": 0.5992355781227438
}
similarity scale 0.9633498216662509
030DN__2023-04-07_030DN overlays done: /Users/hoomham/Hooman/Work/Codes/2026_ASAP_Recon/workspace/helpers/ct/../../outputs/ct_overlay/030DN__2023-04-07_030DN
030DN__2023-04-07_030DN video: /Users/hoomham/Hooman/Work/Codes/2026_ASAP_Recon/workspace/helpers/ct/../../outputs/ct_overlay/030DN__2023-04-07_030DN/bins_video.mp4 | gif: /Volumes/HoomHamExt/Work/Codes/2026_ASAP_Recon/ct_overlay/030DN__2023-04-07_030DN/bins_video.gif
