DONE 004LR__2023-03-10_004LR 0
DONE 011BA__2023-05-02_011BA 0
DONE 012SR__2023-05-02_012SR 0
DONE 017AK__2023-03-08_017AK 0
DONE 023DB__2023-03-09_023DB 0
DONE 021JM__2023-04-18_021JM 0
DONE 023DB__2023-04-26_023DB 0
DONE 025VP__2023-11-02_025VP 0
DONE 029CK__2023-03-24_029CK 0
DONE 030DN__2023-04-07_030DN 0
DONE 030DN__2023-08-24_030DN 0
DONE 032WS__2023-03-31_032WS 0
DONE 032WS__2023-09-25_032WS 0
DONE 036RL__2023-11-02_036RL 0
DONE 037GD__2023-11-13_037GD 0
DONE 038RL__2023-11-16_038RL 0
DONE 039CP__2023-11-21_039CP 0
DONE 041WF__2023-12-19_041WF 0
DONE 040RP__2023-12-11_040RP 0
DONE 042DR__2024-01-17_042DR 0
DONE 002JM_pre__2023-10-25_002JM 0
DONE 003KH_pre__2023-10-31_003KH 0
DONE 003KH_post__2023-12-15_003KH 0
DONE 005DS_pre__2023-11-17_005DS 0
DONE 006KL_pre__2024-03-12_006KL 0
DONE 006KL_post__2024-03-12_006KL 0
DONE 007RA_pre__2024-01-22_007RA 0
DONE 009JT_pre__2024-02-27_009JT 0
DONE 010AJ_pre__2024-03-28_010AJ 0
ALL_DONE
