=== RUN 037GD__2023-11-13_037GD
{
 "euler_deg": [
  -9.90641991199586,
  -3.128330805665668,
  -2.4582271875778097
 ],
 "translation_mm": [
  15.60894118605032,
  -5.524240442415196,
  12.53659559988377
 ],
 "center": [
  -26.73393383652808,
  -174.26627526125446,
  1939.0799085290319
 ],
 "mi_lowres": -0.14321729308681452,
 "mi_fullres": -0.14133441795401527,
 "stop": "RegularStepGradientDescentOptimizerv4: Maximum number of iterations (150) exceeded.",
 "mri_inside_ctlung": 0.7614419905342282,
 "ctlung_covered_by_mri": 0.6320571632325191
}
similarity scale 1.0087455512548265
037GD__2023-11-13_037GD overlays done: /Users/hoomham/Hooman/Work/Codes/2026_ASAP_Recon/workspace/helpers/ct/../../outputs/ct_overlay/037GD__2023-11-13_037GD
037GD__2023-11-13_037GD video: /Users/hoomham/Hooman/Work/Codes/2026_ASAP_Recon/workspace/helpers/ct/../../outputs/ct_overlay/037GD__2023-11-13_037GD/bins_video.mp4 | gif: /Volumes/HoomHamExt/Work/Codes/2026_ASAP_Recon/ct_overlay/037GD__2023-11-13_037GD/bins_video.gif
