=== RUN 039CP__2023-11-21_039CP
{
 "euler_deg": [
  -7.392152525877502,
  -1.2604180250058001,
  -1.638539446330728
 ],
 "translation_mm": [
  -6.519753826627619,
  0.12484421111075433,
  4.986083831040495
 ],
 "center": [
  -1.0576266945497252,
  -116.95470740576135,
  60.83543210751915
 ],
 "mi_lowres": -0.30550520624109256,
 "mi_fullres": -0.3128949470356458,
 "stop": "RegularStepGradientDescentOptimizerv4: Maximum number of iterations (150) exceeded.",
 "mri_inside_ctlung": 0.9644807546391345,
 "ctlung_covered_by_mri": 0.5840027674761097
}
similarity scale 0.9588896161628114
039CP__2023-11-21_039CP overlays done: /Users/hoomham/Hooman/Work/Codes/2026_ASAP_Recon/workspace/helpers/ct/../../outputs/ct_overlay/039CP__2023-11-21_039CP
039CP__2023-11-21_039CP video: /Users/hoomham/Hooman/Work/Codes/2026_ASAP_Recon/workspace/helpers/ct/../../outputs/ct_overlay/039CP__2023-11-21_039CP/bins_video.mp4 | gif: /Volumes/HoomHamExt/Work/Codes/2026_ASAP_Recon/ct_overlay/039CP__2023-11-21_039CP/bins_video.gif
