=== RUN 042DR__2024-01-17_042DR
{
 "euler_deg": [
  -7.45282933522118,
  -2.958560894915469,
  4.9097336408480725
 ],
 "translation_mm": [
  6.82912851702209,
  -10.885571094965144,
  7.2820500629516145
 ],
 "center": [
  19.556926527429084,
  -160.6559124708716,
  -167.14234795464432
 ],
 "mi_lowres": -0.24500576353103698,
 "mi_fullres": -0.25801965667041693,
 "stop": "RegularStepGradientDescentOptimizerv4: Maximum number of iterations (150) exceeded.",
 "mri_inside_ctlung": 0.8451950824867804,
 "ctlung_covered_by_mri": 0.5557883439835868
}
similarity scale 0.9739697446988346
042DR__2024-01-17_042DR overlays done: /Users/hoomham/Hooman/Work/Codes/2026_ASAP_Recon/workspace/helpers/ct/../../outputs/ct_overlay/042DR__2024-01-17_042DR
042DR__2024-01-17_042DR video: /Users/hoomham/Hooman/Work/Codes/2026_ASAP_Recon/workspace/helpers/ct/../../outputs/ct_overlay/042DR__2024-01-17_042DR/bins_video.mp4 | gif: /Volumes/HoomHamExt/Work/Codes/2026_ASAP_Recon/ct_overlay/042DR__2024-01-17_042DR/bins_video.gif
