=== RUN 011BA__2023-05-02_011BA
{
 "euler_deg": [
  -1.4946864687643149,
  -1.6766732972964742,
  -1.2244632928358297
 ],
 "translation_mm": [
  3.677966239070754,
  5.329953542899054,
  -19.812278278530762
 ],
 "center": [
  18.949347253705866,
  -155.78653390736167,
  -201.25843139252544
 ],
 "mi_lowres": -0.2393649112755234,
 "mi_fullres": -0.24476530398984736,
 "stop": "RegularStepGradientDescentOptimizerv4: Maximum number of iterations (150) exceeded.",
 "mri_inside_ctlung": 0.9607422450032753,
 "ctlung_covered_by_mri": 0.4975732260200703
}
similarity scale 0.8893465563276902
011BA__2023-05-02_011BA overlays done: /Users/hoomham/Hooman/Work/Codes/2026_ASAP_Recon/workspace/helpers/ct/../../outputs/ct_overlay/011BA__2023-05-02_011BA
011BA__2023-05-02_011BA video: /Users/hoomham/Hooman/Work/Codes/2026_ASAP_Recon/workspace/helpers/ct/../../outputs/ct_overlay/011BA__2023-05-02_011BA/bins_video.mp4 | gif: /Volumes/HoomHamExt/Work/Codes/2026_ASAP_Recon/ct_overlay/011BA__2023-05-02_011BA/bins_video.gif
