03PM perm=012 flips=+++ MI=-0.0734 in=0.569 cov=0.456
03PM perm=012 flips=++- MI=-0.0791 in=0.582 cov=0.467
03PM perm=012 flips=+-+ MI=-0.1218 in=0.688 cov=0.552
03PM perm=012 flips=+-- MI=-0.1071 in=0.648 cov=0.519
03PM perm=012 flips=-++ MI=-0.1586 in=0.699 cov=0.561
03PM perm=012 flips=-+- MI=-0.1344 in=0.688 cov=0.552
03PM perm=012 flips=--+ MI=-0.4178 in=0.929 cov=0.744
03PM perm=012 flips=--- MI=-0.1665 in=0.734 cov=0.588
03PM perm=021 flips=+++ MI=-0.0211 in=0.273 cov=0.219
03PM perm=021 flips=++- MI=-0.0170 in=0.243 cov=0.195
03PM perm=021 flips=+-+ MI=-0.0216 in=0.261 cov=0.209
03PM perm=021 flips=+-- MI=-0.0170 in=0.217 cov=0.174
03PM perm=021 flips=-++ MI=-0.0154 in=0.246 cov=0.197
03PM perm=021 flips=-+- MI=-0.0213 in=0.287 cov=0.230
03PM perm=021 flips=--+ MI=-0.0238 in=0.284 cov=0.228
03PM perm=021 flips=--- MI=-0.0223 in=0.229 cov=0.183
03PM perm=102 flips=+++ MI=-0.1509 in=0.678 cov=0.544
03PM perm=102 flips=++- MI=-0.1272 in=0.655 cov=0.525
03PM perm=102 flips=+-+ MI=-0.1127 in=0.614 cov=0.492
03PM perm=102 flips=+-- MI=-0.1058 in=0.603 cov=0.484
03PM perm=102 flips=-++ MI=-0.0929 in=0.601 cov=0.482
03PM perm=102 flips=-+- MI=-0.1114 in=0.607 cov=0.487
03PM perm=102 flips=--+ MI=-0.1045 in=0.594 cov=0.476
03PM perm=102 flips=--- MI=-0.0978 in=0.578 cov=0.464
03PM perm=120 flips=+++ MI=-0.0281 in=0.346 cov=0.278
03PM perm=120 flips=++- MI=-0.0360 in=0.355 cov=0.285
03PM perm=120 flips=+-+ MI=-0.0309 in=0.346 cov=0.277
03PM perm=120 flips=+-- MI=-0.0238 in=0.326 cov=0.261
03PM perm=120 flips=-++ MI=-0.0269 in=0.332 cov=0.266
03PM perm=120 flips=-+- MI=-0.0358 in=0.345 cov=0.277
03PM perm=120 flips=--+ MI=-0.0347 in=0.356 cov=0.285
03PM perm=120 flips=--- MI=-0.0258 in=0.334 cov=0.268
03PM perm=201 flips=+++ MI=-0.0189 in=0.294 cov=0.236
03PM perm=201 flips=++- MI=-0.0170 in=0.309 cov=0.248
03PM perm=201 flips=+-+ MI=-0.0187 in=0.294 cov=0.236
03PM perm=201 flips=+-- MI=-0.0203 in=0.291 cov=0.233
03PM perm=201 flips=-++ MI=-0.0206 in=0.280 cov=0.225
03PM perm=201 flips=-+- MI=-0.0173 in=0.285 cov=0.229
03PM perm=201 flips=--+ MI=-0.0155 in=0.280 cov=0.225
03PM perm=201 flips=--- MI=-0.0186 in=0.256 cov=0.205
03PM perm=210 flips=+++ MI=-0.0259 in=0.402 cov=0.322
03PM perm=210 flips=++- MI=-0.0169 in=0.386 cov=0.310
03PM perm=210 flips=+-+ MI=-0.0351 in=0.463 cov=0.371
03PM perm=210 flips=+-- MI=-0.0271 in=0.443 cov=0.355
03PM perm=210 flips=-++ MI=-0.0212 in=0.382 cov=0.306
03PM perm=210 flips=-+- MI=-0.0197 in=0.369 cov=0.296
03PM perm=210 flips=--+ MI=-0.0409 in=0.480 cov=0.385
03PM perm=210 flips=--- MI=-0.0307 in=0.435 cov=0.349
03PM BEST by MI: {'perm': '012', 'flips': '--+', 'mi': -0.4178017646786588, 'contain': 0.9285755628870753, 'cover': 0.7439829342566973, 'stop': 'RegularStepGradientDescentOptimizerv4: G'}
02ZS perm=012 flips=+++ MI=-0.0607 in=0.427 cov=0.417
02ZS perm=012 flips=++- MI=-0.0227 in=0.128 cov=0.125
02ZS perm=012 flips=+-+ MI=-0.1322 in=0.615 cov=0.600
02ZS perm=012 flips=+-- MI=-0.0218 in=0.137 cov=0.133
02ZS perm=012 flips=-++ MI=-0.1204 in=0.533 cov=0.520
02ZS perm=012 flips=-+- MI=-0.0202 in=0.140 cov=0.137
02ZS perm=012 flips=--+ MI=-0.2946 in=0.792 cov=0.773
02ZS perm=012 flips=--- MI=-0.0257 in=0.159 cov=0.156
02ZS perm=021 flips=+++ MI=-0.0639 in=0.373 cov=0.364
02ZS perm=021 flips=++- MI=-0.0325 in=0.311 cov=0.304
02ZS perm=021 flips=+-+ MI=-0.0654 in=0.394 cov=0.385
02ZS perm=021 flips=+-- MI=-0.0406 in=0.328 cov=0.320
02ZS perm=021 flips=-++ MI=-0.0625 in=0.315 cov=0.308
02ZS perm=021 flips=-+- MI=-0.0400 in=0.285 cov=0.278
02ZS perm=021 flips=--+ MI=-0.0570 in=0.428 cov=0.418
02ZS perm=021 flips=--- MI=-0.0643 in=0.383 cov=0.374
02ZS perm=102 flips=+++ MI=-0.1088 in=0.549 cov=0.536
02ZS perm=102 flips=++- MI=-0.0303 in=0.237 cov=0.232
02ZS perm=102 flips=+-+ MI=-0.1036 in=0.538 cov=0.526
02ZS perm=102 flips=+-- MI=-0.0255 in=0.124 cov=0.121
02ZS perm=102 flips=-++ MI=-0.1151 in=0.529 cov=0.517
02ZS perm=102 flips=-+- MI=-0.0246 in=0.151 cov=0.148
02ZS perm=102 flips=--+ MI=-0.1027 in=0.551 cov=0.538
02ZS perm=102 flips=--- MI=-0.0233 in=0.117 cov=0.114
02ZS perm=120 flips=+++ MI=-0.0553 in=0.315 cov=0.307
02ZS perm=120 flips=++- MI=-0.0652 in=0.417 cov=0.407
02ZS perm=120 flips=+-+ MI=-0.0641 in=0.390 cov=0.381
02ZS perm=120 flips=+-- MI=-0.0509 in=0.402 cov=0.392
02ZS perm=120 flips=-++ MI=-0.0352 in=0.228 cov=0.223
02ZS perm=120 flips=-+- MI=-0.0402 in=0.313 cov=0.306
02ZS perm=120 flips=--+ MI=-0.0572 in=0.326 cov=0.319
02ZS perm=120 flips=--- MI=-0.0454 in=0.375 cov=0.366
02ZS perm=201 flips=+++ MI=-0.0883 in=0.414 cov=0.399
02ZS perm=201 flips=++- MI=-0.0541 in=0.361 cov=0.345
02ZS perm=201 flips=+-+ MI=-0.0801 in=0.385 cov=0.361
02ZS perm=201 flips=+-- MI=-0.0673 in=0.403 cov=0.371
02ZS perm=201 flips=-++ MI=-0.0895 in=0.412 cov=0.402
02ZS perm=201 flips=-+- MI=-0.0684 in=0.358 cov=0.349
02ZS perm=201 flips=--+ MI=-0.0746 in=0.383 cov=0.374
02ZS perm=201 flips=--- MI=-0.0609 in=0.323 cov=0.315
02ZS perm=210 flips=+++ MI=-0.0368 in=0.279 cov=0.273
02ZS perm=210 flips=++- MI=-0.0849 in=0.410 cov=0.382
02ZS perm=210 flips=+-+ MI=-0.0630 in=0.359 cov=0.344
02ZS perm=210 flips=+-- MI=-0.0419 in=0.343 cov=0.335
02ZS perm=210 flips=-++ MI=-0.0666 in=0.362 cov=0.353
02ZS perm=210 flips=-+- MI=-0.0697 in=0.361 cov=0.353
02ZS perm=210 flips=--+ MI=-0.0496 in=0.369 cov=0.361
02ZS perm=210 flips=--- MI=-0.0753 in=0.401 cov=0.392
02ZS BEST by MI: {'perm': '012', 'flips': '--+', 'mi': -0.2946045922143548, 'contain': 0.7917970944698611, 'cover': 0.7727254924999021, 'stop': 'RegularStepGradientDescentOptimizerv4: M'}
01BB perm=012 flips=+++ MI=-0.0968 in=0.828 cov=0.331
01BB perm=012 flips=++- MI=-0.0784 in=0.784 cov=0.314
01BB perm=012 flips=+-+ MI=-0.0803 in=0.810 cov=0.324
01BB perm=012 flips=+-- MI=-0.0735 in=0.769 cov=0.308
01BB perm=012 flips=-++ MI=-0.1249 in=0.889 cov=0.356
01BB perm=012 flips=-+- MI=-0.1047 in=0.833 cov=0.333
01BB perm=012 flips=--+ MI=-0.1726 in=0.959 cov=0.384
01BB perm=012 flips=--- MI=-0.1255 in=0.853 cov=0.341
01BB perm=021 flips=+++ MI=-0.0200 in=0.442 cov=0.177
01BB perm=021 flips=++- MI=-0.0146 in=0.432 cov=0.173
01BB perm=021 flips=+-+ MI=-0.0192 in=0.455 cov=0.182
01BB perm=021 flips=+-- MI=-0.0200 in=0.440 cov=0.176
01BB perm=021 flips=-++ MI=-0.0159 in=0.442 cov=0.177
01BB perm=021 flips=-+- MI=-0.0171 in=0.463 cov=0.185
01BB perm=021 flips=--+ MI=-0.0216 in=0.491 cov=0.196
01BB perm=021 flips=--- MI=-0.0215 in=0.458 cov=0.183
01BB perm=102 flips=+++ MI=-0.0936 in=0.844 cov=0.338
01BB perm=102 flips=++- MI=-0.0869 in=0.793 cov=0.317
01BB perm=102 flips=+-+ MI=-0.0770 in=0.816 cov=0.326
01BB perm=102 flips=+-- MI=-0.0695 in=0.765 cov=0.306
01BB perm=102 flips=-++ MI=-0.0899 in=0.821 cov=0.328
01BB perm=102 flips=-+- MI=-0.0847 in=0.795 cov=0.318
01BB perm=102 flips=--+ MI=-0.0808 in=0.788 cov=0.315
01BB perm=102 flips=--- MI=-0.0698 in=0.779 cov=0.312
01BB perm=120 flips=+++ MI=-0.0168 in=0.376 cov=0.151
01BB perm=120 flips=++- MI=-0.0282 in=0.413 cov=0.165
01BB perm=120 flips=+-+ MI=-0.0272 in=0.433 cov=0.173
01BB perm=120 flips=+-- MI=-0.0277 in=0.410 cov=0.164
01BB perm=120 flips=-++ MI=-0.0209 in=0.409 cov=0.164
01BB perm=120 flips=-+- MI=-0.0215 in=0.409 cov=0.164
01BB perm=120 flips=--+ MI=-0.0256 in=0.446 cov=0.178
01BB perm=120 flips=--- MI=-0.0221 in=0.435 cov=0.174
01BB perm=201 flips=+++ MI=-0.0245 in=0.559 cov=0.224
01BB perm=201 flips=++- MI=-0.0196 in=0.527 cov=0.211
01BB perm=201 flips=+-+ MI=-0.0248 in=0.558 cov=0.223
01BB perm=201 flips=+-- MI=-0.0224 in=0.519 cov=0.207
01BB perm=201 flips=-++ MI=-0.0170 in=0.521 cov=0.208
01BB perm=201 flips=-+- MI=-0.0295 in=0.623 cov=0.249
01BB perm=201 flips=--+ MI=-0.0195 in=0.573 cov=0.229
01BB perm=201 flips=--- MI=-0.0300 in=0.601 cov=0.240
01BB perm=210 flips=+++ MI=-0.0340 in=0.562 cov=0.225
01BB perm=210 flips=++- MI=-0.0320 in=0.542 cov=0.217
01BB perm=210 flips=+-+ MI=-0.0269 in=0.476 cov=0.190
01BB perm=210 flips=+-- MI=-0.0280 in=0.474 cov=0.189
01BB perm=210 flips=-++ MI=-0.0301 in=0.576 cov=0.230
01BB perm=210 flips=-+- MI=-0.0307 in=0.572 cov=0.229
01BB perm=210 flips=--+ MI=-0.0223 in=0.539 cov=0.216
01BB perm=210 flips=--- MI=-0.0250 in=0.504 cov=0.202
01BB BEST by MI: {'perm': '012', 'flips': '--+', 'mi': -0.17263797529286432, 'contain': 0.9591964846202135, 'cover': 0.38361259368084355, 'stop': 'RegularStepGradientDescentOptimizerv4: M'}
