identified sampling pattern gas-only
TR (from metadata) = 7.430 ms, ilvperTR=1 (gas-only)
filtering noise spikes...
removed 1817.0 points (noise spikes) of 84170400
nch 8 npts 510 nilv 20630
ch 0 done
ch 1 done
ch 2 done
ch 3 done
ch 4 done
ch 5 done
ch 6 done
ch 7 done
{
 "session": "2024-01-17_042DR",
 "nch": 8,
 "MS": 104,
 "IS": 100,
 "lung_vox": 58340,
 "W_lung_min": 1.9707265470863236,
 "W_lung_p5": 2.647865625350711,
 "W_lung_median": 3.6576196196282638,
 "W_lung_p95": 5.264768587053986,
 "W_lung_max": 6.948054914488553,
 "W_bg_median": 4.511646595006075
}
fig saved
