[2024-11-13_025JC --set reg] 04:33:11 prod       MS=240 kd2=0.2 (sigma 0.132 dk) gplb=300: FWHM all 2.67 bin0 2.70 vox | blur 0.118 alias 0.021 noise 0.061 total 0.147 | holes 0.562 | real SNR 19.9 (22 s)
[2024-11-13_025JC --set reg] 04:33:37 gplb450    MS=240 kd2=0.2 (sigma 0.132 dk) gplb=450: FWHM all 2.43 bin0 2.46 vox | blur 0.099 alias 0.023 noise 0.083 total 0.143 | holes 0.562 | real SNR 16.2 (26 s)
[2024-11-13_025JC --set reg] 04:34:00 gplb700    MS=240 kd2=0.2 (sigma 0.132 dk) gplb=700: FWHM all 2.32 bin0 2.34 vox | blur 0.087 alias 0.025 noise 0.101 total 0.147 | holes 0.562 | real SNR 14.0 (23 s)
[2024-11-13_025JC --set reg] 04:34:30 gplb0      MS=240 kd2=0.2 (sigma 0.132 dk) gplb=0: FWHM all 2.24 bin0 2.26 vox | blur 0.078 alias 0.026 noise 0.120 total 0.155 | holes 0.562 | real SNR 12.2 (31 s)
[2024-11-13_025JC --set reg] 04:34:43 MS160      MS=160 kd2=0.2 (sigma 0.198 dk) gplb=300: FWHM all 2.59 bin0 2.61 vox | blur 0.112 alias 0.016 noise 0.087 total 0.148 | holes 0.311 | real SNR 18.2 (13 s)
[2024-11-13_025JC --set reg] 04:35:02 MS200      MS=200 kd2=0.2 (sigma 0.158 dk) gplb=300: FWHM all 2.63 bin0 2.66 vox | blur 0.110 alias 0.017 noise 0.074 total 0.141 | holes 0.446 | real SNR 18.9 (19 s)
[2024-11-13_025JC --set reg] 04:35:17 MS160g450  MS=160 kd2=0.2 (sigma 0.198 dk) gplb=450: FWHM all 2.36 bin0 2.38 vox | blur 0.093 alias 0.018 noise 0.123 total 0.159 | holes 0.311 | real SNR 14.3 (15 s)
[2024-11-13_025JC --set reg] 04:35:49 MS200g450  MS=200 kd2=0.2 (sigma 0.158 dk) gplb=450: FWHM all 2.40 bin0 2.42 vox | blur 0.089 alias 0.019 noise 0.102 total 0.144 | holes 0.446 | real SNR 15.1 (32 s)
[2024-11-13_025JC --set reg] 04:36:15 MS160g700  MS=160 kd2=0.2 (sigma 0.198 dk) gplb=700: FWHM all 2.24 bin0 2.26 vox | blur 0.083 alias 0.019 noise 0.154 total 0.179 | holes 0.311 | real SNR 12.1 (25 s)
[2024-11-13_025JC --set reg] 04:36:23 done -> /Users/hoomham/Hooman/Work/Codes/2026_ASAP_Recon/workspace/outputs/tune_gas/2024-11-13_025JC_reg
[2024-11-13_025JC --set stab --bindist0sq 0.5] 04:37:14 non-production binning (nbins 16, bindist0sq 0.5): no Tyger rebuild check
[2024-11-13_025JC --set stab --bindist0sq 0.5] 04:38:25 prod       MS=240 kd2=0.2 (sigma 0.132 dk) gplb=300: FWHM all 2.67 bin0 2.73 vox | blur 0.118 alias 0.049 noise 0.065 total 0.168 | holes 0.641 | real SNR 18.3 (67 s)
[2024-11-13_025JC --set stab --bindist0sq 0.5] 04:40:07 gplb200    MS=240 kd2=0.2 (sigma 0.132 dk) gplb=200: FWHM all 3.14 bin0 3.22 vox | blur 0.147 alias 0.043 noise 0.045 total 0.183 | holes 0.641 | real SNR 22.9 (102 s)
[2024-11-13_025JC --set stab --bindist0sq 0.5] 04:41:43 gplb450    MS=240 kd2=0.2 (sigma 0.132 dk) gplb=450: FWHM all 2.43 bin0 2.48 vox | blur 0.099 alias 0.053 noise 0.087 total 0.166 | holes 0.641 | real SNR 15.1 (96 s)
[2024-11-13_025JC --set stab --bindist0sq 0.5] 04:42:08 MS160      MS=160 kd2=0.2 (sigma 0.198 dk) gplb=300: FWHM all 2.59 bin0 2.63 vox | blur 0.112 alias 0.032 noise 0.100 total 0.165 | holes 0.388 | real SNR 16.2 (25 s)
[2024-11-13_025JC --set stab --bindist0sq 0.5] 04:42:48 MS200      MS=200 kd2=0.2 (sigma 0.158 dk) gplb=300: FWHM all 2.63 bin0 2.69 vox | blur 0.110 alias 0.039 noise 0.081 total 0.159 | holes 0.530 | real SNR 17.1 (39 s)
[2024-11-13_025JC --set stab --bindist0sq 0.5] 04:42:54 done -> /Users/hoomham/Hooman/Work/Codes/2026_ASAP_Recon/workspace/outputs/tune_gas/2024-11-13_025JC_stab_bd0.5
[2024-11-13_025JC --set stab --bindist0sq 1] 04:43:46 non-production binning (nbins 16, bindist0sq 1): no Tyger rebuild check
[2024-11-13_025JC --set stab --bindist0sq 1] 04:44:21 prod       MS=240 kd2=0.2 (sigma 0.132 dk) gplb=300: FWHM all 2.67 bin0 2.72 vox | blur 0.118 alias 0.034 noise 0.064 total 0.157 | holes 0.599 | real SNR 19.0 (33 s)
[2024-11-13_025JC --set stab --bindist0sq 1] 04:44:45 gplb200    MS=240 kd2=0.2 (sigma 0.132 dk) gplb=200: FWHM all 3.14 bin0 3.20 vox | blur 0.147 alias 0.030 noise 0.044 total 0.172 | holes 0.599 | real SNR 24.0 (23 s)
[2024-11-13_025JC --set stab --bindist0sq 1] 04:45:07 gplb450    MS=240 kd2=0.2 (sigma 0.132 dk) gplb=450: FWHM all 2.43 bin0 2.47 vox | blur 0.099 alias 0.037 noise 0.086 total 0.154 | holes 0.599 | real SNR 15.5 (22 s)
[2024-11-13_025JC --set stab --bindist0sq 1] 04:45:20 MS160      MS=160 kd2=0.2 (sigma 0.198 dk) gplb=300: FWHM all 2.59 bin0 2.62 vox | blur 0.112 alias 0.023 noise 0.095 total 0.156 | holes 0.345 | real SNR 17.0 (13 s)
[2024-11-13_025JC --set stab --bindist0sq 1] 04:45:37 MS200      MS=200 kd2=0.2 (sigma 0.158 dk) gplb=300: FWHM all 2.63 bin0 2.67 vox | blur 0.110 alias 0.027 noise 0.079 total 0.150 | holes 0.485 | real SNR 17.9 (16 s)
[2024-11-13_025JC --set stab --bindist0sq 1] 04:45:40 done -> /Users/hoomham/Hooman/Work/Codes/2026_ASAP_Recon/workspace/outputs/tune_gas/2024-11-13_025JC_stab_bd1
[2024-11-13_025JC --set stab --bindist0sq 4] 04:46:11 non-production binning (nbins 16, bindist0sq 4): no Tyger rebuild check
[2024-11-13_025JC --set stab --bindist0sq 4] 04:46:42 prod       MS=240 kd2=0.2 (sigma 0.132 dk) gplb=300: FWHM all 2.67 bin0 2.69 vox | blur 0.118 alias 0.013 noise 0.056 total 0.139 | holes 0.535 | real SNR 21.2 (27 s)
[2024-11-13_025JC --set stab --bindist0sq 4] 04:47:07 gplb200    MS=240 kd2=0.2 (sigma 0.132 dk) gplb=200: FWHM all 3.14 bin0 3.16 vox | blur 0.147 alias 0.011 noise 0.038 total 0.159 | holes 0.535 | real SNR 26.7 (25 s)
[2024-11-13_025JC --set stab --bindist0sq 4] 04:47:32 gplb450    MS=240 kd2=0.2 (sigma 0.132 dk) gplb=450: FWHM all 2.43 bin0 2.45 vox | blur 0.099 alias 0.014 noise 0.077 total 0.134 | holes 0.535 | real SNR 17.3 (26 s)
[2024-11-13_025JC --set stab --bindist0sq 4] 04:47:45 MS160      MS=160 kd2=0.2 (sigma 0.198 dk) gplb=300: FWHM all 2.59 bin0 2.60 vox | blur 0.112 alias 0.011 noise 0.078 total 0.140 | holes 0.290 | real SNR 19.7 (13 s)
[2024-11-13_025JC --set stab --bindist0sq 4] 04:48:03 MS200      MS=200 kd2=0.2 (sigma 0.158 dk) gplb=300: FWHM all 2.63 bin0 2.65 vox | blur 0.110 alias 0.011 noise 0.068 total 0.134 | holes 0.420 | real SNR 20.3 (17 s)
[2024-11-13_025JC --set stab --bindist0sq 4] 04:48:06 done -> /Users/hoomham/Hooman/Work/Codes/2026_ASAP_Recon/workspace/outputs/tune_gas/2024-11-13_025JC_stab_bd4
[2024-11-13_025JC --set stab --nbins 8 --bins 0,2,4,6] 04:48:35 non-production binning (nbins 8, bindist0sq 2): no Tyger rebuild check
[2024-11-13_025JC --set stab --nbins 8 --bins 0,2,4,6] 04:49:11 prod       MS=240 kd2=0.2 (sigma 0.132 dk) gplb=300: FWHM all 2.67 bin0 2.68 vox | blur 0.118 alias 0.008 noise 0.049 total 0.133 | holes 0.519 | real SNR 23.3 (32 s)
[2024-11-13_025JC --set stab --nbins 8 --bins 0,2,4,6] 04:50:03 gplb200    MS=240 kd2=0.2 (sigma 0.132 dk) gplb=200: FWHM all 3.14 bin0 3.15 vox | blur 0.147 alias 0.007 noise 0.033 total 0.155 | holes 0.519 | real SNR 28.9 (53 s)
[2024-11-13_025JC --set stab --nbins 8 --bins 0,2,4,6] 04:51:03 gplb450    MS=240 kd2=0.2 (sigma 0.132 dk) gplb=450: FWHM all 2.43 bin0 2.44 vox | blur 0.099 alias 0.009 noise 0.067 total 0.125 | holes 0.519 | real SNR 19.2 (60 s)
[2024-11-13_025JC --set stab --nbins 8 --bins 0,2,4,6] 04:51:22 MS160      MS=160 kd2=0.2 (sigma 0.198 dk) gplb=300: FWHM all 2.59 bin0 2.60 vox | blur 0.112 alias 0.008 noise 0.067 total 0.133 | holes 0.278 | real SNR 22.1 (19 s)
[2024-11-13_025JC --set stab --nbins 8 --bins 0,2,4,6] 04:51:49 MS200      MS=200 kd2=0.2 (sigma 0.158 dk) gplb=300: FWHM all 2.63 bin0 2.64 vox | blur 0.110 alias 0.007 noise 0.058 total 0.128 | holes 0.404 | real SNR 22.5 (27 s)
[2024-11-13_025JC --set stab --nbins 8 --bins 0,2,4,6] 04:51:54 done -> /Users/hoomham/Hooman/Work/Codes/2026_ASAP_Recon/workspace/outputs/tune_gas/2024-11-13_025JC_stab_nb8
[2024-11-13_025JC --set stab --nbins 24 --bins 0,6,12,18] 04:52:42 non-production binning (nbins 24, bindist0sq 2): no Tyger rebuild check
[2024-11-13_025JC --set stab --nbins 24 --bins 0,6,12,18] 04:53:19 prod       MS=240 kd2=0.2 (sigma 0.132 dk) gplb=300: FWHM all 2.67 bin0 2.72 vox | blur 0.118 alias 0.036 noise 0.064 total 0.159 | holes 0.606 | real SNR 18.9 (35 s)
[2024-11-13_025JC --set stab --nbins 24 --bins 0,6,12,18] 04:53:58 gplb200    MS=240 kd2=0.2 (sigma 0.132 dk) gplb=200: FWHM all 3.14 bin0 3.20 vox | blur 0.147 alias 0.032 noise 0.044 total 0.174 | holes 0.606 | real SNR 23.8 (39 s)
[2024-11-13_025JC --set stab --nbins 24 --bins 0,6,12,18] 04:54:35 gplb450    MS=240 kd2=0.2 (sigma 0.132 dk) gplb=450: FWHM all 2.43 bin0 2.47 vox | blur 0.099 alias 0.040 noise 0.086 total 0.156 | holes 0.606 | real SNR 15.4 (36 s)
[2024-11-13_025JC --set stab --nbins 24 --bins 0,6,12,18] 04:54:50 MS160      MS=160 kd2=0.2 (sigma 0.198 dk) gplb=300: FWHM all 2.59 bin0 2.62 vox | blur 0.112 alias 0.024 noise 0.096 total 0.158 | holes 0.352 | real SNR 16.9 (15 s)
[2024-11-13_025JC --set stab --nbins 24 --bins 0,6,12,18] 04:55:14 MS200      MS=200 kd2=0.2 (sigma 0.158 dk) gplb=300: FWHM all 2.63 bin0 2.67 vox | blur 0.110 alias 0.029 noise 0.079 total 0.151 | holes 0.492 | real SNR 17.8 (25 s)
[2024-11-13_025JC --set stab --nbins 24 --bins 0,6,12,18] 04:55:18 done -> /Users/hoomham/Hooman/Work/Codes/2026_ASAP_Recon/workspace/outputs/tune_gas/2024-11-13_025JC_stab_nb24
[2024-11-13_025JC --set snr --noise-mult 1] 04:57:21 gplb100    MS=240 kd2=0.2 (sigma 0.132 dk) gplb=100: FWHM all 4.67 bin0 4.74 vox | blur 0.217 alias 0.012 noise 0.018 total 0.225 | holes 0.562 | real SNR 39.1 (54 s)
[2024-11-13_025JC --set snr --noise-mult 1] 04:58:17 gplb150    MS=240 kd2=0.2 (sigma 0.132 dk) gplb=150: FWHM all 3.64 bin0 3.70 vox | blur 0.172 alias 0.016 noise 0.030 total 0.185 | holes 0.562 | real SNR 30.0 (56 s)
[2024-11-13_025JC --set snr --noise-mult 1] 04:59:01 gplb200    MS=240 kd2=0.2 (sigma 0.132 dk) gplb=200: FWHM all 3.14 bin0 3.18 vox | blur 0.147 alias 0.019 noise 0.041 total 0.164 | holes 0.562 | real SNR 25.2 (44 s)
[2024-11-13_025JC --set snr --noise-mult 1] 04:59:39 prod       MS=240 kd2=0.2 (sigma 0.132 dk) gplb=300: FWHM all 2.67 bin0 2.70 vox | blur 0.118 alias 0.021 noise 0.061 total 0.147 | holes 0.562 | real SNR 19.9 (38 s)
[2024-11-13_025JC --set snr --noise-mult 1] 05:00:25 gplb450    MS=240 kd2=0.2 (sigma 0.132 dk) gplb=450: FWHM all 2.43 bin0 2.46 vox | blur 0.099 alias 0.023 noise 0.083 total 0.143 | holes 0.562 | real SNR 16.2 (46 s)
[2024-11-13_025JC --set snr --noise-mult 1] 05:01:02 gplb700    MS=240 kd2=0.2 (sigma 0.132 dk) gplb=700: FWHM all 2.32 bin0 2.34 vox | blur 0.087 alias 0.025 noise 0.101 total 0.147 | holes 0.562 | real SNR 14.0 (37 s)
[2024-11-13_025JC --set snr --noise-mult 1] 05:01:16 MS160      MS=160 kd2=0.2 (sigma 0.198 dk) gplb=300: FWHM all 2.59 bin0 2.61 vox | blur 0.112 alias 0.016 noise 0.087 total 0.148 | holes 0.311 | real SNR 18.2 (15 s)
[2024-11-13_025JC --set snr --noise-mult 1] 05:01:44 MS200      MS=200 kd2=0.2 (sigma 0.158 dk) gplb=300: FWHM all 2.63 bin0 2.66 vox | blur 0.110 alias 0.017 noise 0.074 total 0.141 | holes 0.446 | real SNR 18.9 (28 s)
[2024-11-13_025JC --set snr --noise-mult 1] 05:01:51 done -> /Users/hoomham/Hooman/Work/Codes/2026_ASAP_Recon/workspace/outputs/tune_gas/2024-11-13_025JC_snr
[2024-11-13_025JC --set snr --noise-mult 1.5] 05:02:37 noise x1.5: sweep sigma 1.47
[2024-11-13_025JC --set snr --noise-mult 1.5] 05:03:26 gplb100    MS=240 kd2=0.2 (sigma 0.132 dk) gplb=100: FWHM all 4.67 bin0 4.74 vox | blur 0.217 alias 0.012 noise 0.028 total 0.226 | holes 0.562 | real SNR 39.1 (49 s)
[2024-11-13_025JC --set snr --noise-mult 1.5] 05:04:12 gplb150    MS=240 kd2=0.2 (sigma 0.132 dk) gplb=150: FWHM all 3.64 bin0 3.70 vox | blur 0.172 alias 0.016 noise 0.045 total 0.188 | holes 0.562 | real SNR 30.0 (46 s)
[2024-11-13_025JC --set snr --noise-mult 1.5] 05:04:57 gplb200    MS=240 kd2=0.2 (sigma 0.132 dk) gplb=200: FWHM all 3.14 bin0 3.18 vox | blur 0.147 alias 0.019 noise 0.062 total 0.170 | holes 0.562 | real SNR 25.2 (45 s)
[2024-11-13_025JC --set snr --noise-mult 1.5] 05:05:34 prod       MS=240 kd2=0.2 (sigma 0.132 dk) gplb=300: FWHM all 2.67 bin0 2.70 vox | blur 0.118 alias 0.021 noise 0.091 total 0.162 | holes 0.562 | real SNR 19.9 (37 s)
[2024-11-13_025JC --set snr --noise-mult 1.5] 05:06:08 gplb450    MS=240 kd2=0.2 (sigma 0.132 dk) gplb=450: FWHM all 2.43 bin0 2.46 vox | blur 0.099 alias 0.023 noise 0.124 total 0.170 | holes 0.562 | real SNR 16.2 (34 s)
[2024-11-13_025JC --set snr --noise-mult 1.5] 05:06:48 gplb700    MS=240 kd2=0.2 (sigma 0.132 dk) gplb=700: FWHM all 2.32 bin0 2.34 vox | blur 0.087 alias 0.025 noise 0.152 total 0.185 | holes 0.562 | real SNR 14.0 (40 s)
[2024-11-13_025JC --set snr --noise-mult 1.5] 05:07:12 MS160      MS=160 kd2=0.2 (sigma 0.198 dk) gplb=300: FWHM all 2.59 bin0 2.61 vox | blur 0.112 alias 0.016 noise 0.131 total 0.177 | holes 0.311 | real SNR 18.2 (24 s)
[2024-11-13_025JC --set snr --noise-mult 1.5] 05:07:52 MS200      MS=200 kd2=0.2 (sigma 0.158 dk) gplb=300: FWHM all 2.63 bin0 2.66 vox | blur 0.110 alias 0.017 noise 0.111 total 0.164 | holes 0.446 | real SNR 18.9 (40 s)
[2024-11-13_025JC --set snr --noise-mult 1.5] 05:08:04 done -> /Users/hoomham/Hooman/Work/Codes/2026_ASAP_Recon/workspace/outputs/tune_gas/2024-11-13_025JC_snr_nm1.5
[2024-11-13_025JC --set snr --noise-mult 2] 05:09:14 noise x2: sweep sigma 1.959
[2024-11-13_025JC --set snr --noise-mult 2] 05:09:57 gplb100    MS=240 kd2=0.2 (sigma 0.132 dk) gplb=100: FWHM all 4.67 bin0 4.74 vox | blur 0.217 alias 0.012 noise 0.037 total 0.227 | holes 0.562 | real SNR 39.1 (44 s)
[2024-11-13_025JC --set snr --noise-mult 2] 05:10:26 gplb150    MS=240 kd2=0.2 (sigma 0.132 dk) gplb=150: FWHM all 3.64 bin0 3.70 vox | blur 0.172 alias 0.016 noise 0.061 total 0.192 | holes 0.562 | real SNR 30.0 (29 s)
[2024-11-13_025JC --set snr --noise-mult 2] 05:10:58 gplb200    MS=240 kd2=0.2 (sigma 0.132 dk) gplb=200: FWHM all 3.14 bin0 3.18 vox | blur 0.147 alias 0.019 noise 0.083 total 0.179 | holes 0.562 | real SNR 25.2 (32 s)
[2024-11-13_025JC --set snr --noise-mult 2] 05:11:30 prod       MS=240 kd2=0.2 (sigma 0.132 dk) gplb=300: FWHM all 2.67 bin0 2.70 vox | blur 0.118 alias 0.021 noise 0.122 total 0.181 | holes 0.562 | real SNR 19.9 (32 s)
[2024-11-13_025JC --set snr --noise-mult 2] 05:11:53 gplb450    MS=240 kd2=0.2 (sigma 0.132 dk) gplb=450: FWHM all 2.43 bin0 2.46 vox | blur 0.099 alias 0.023 noise 0.165 total 0.202 | holes 0.562 | real SNR 16.2 (23 s)
[2024-11-13_025JC --set snr --noise-mult 2] 05:12:13 gplb700    MS=240 kd2=0.2 (sigma 0.132 dk) gplb=700: FWHM all 2.32 bin0 2.34 vox | blur 0.087 alias 0.025 noise 0.202 total 0.229 | holes 0.562 | real SNR 14.0 (20 s)
[2024-11-13_025JC --set snr --noise-mult 2] 05:12:22 MS160      MS=160 kd2=0.2 (sigma 0.198 dk) gplb=300: FWHM all 2.59 bin0 2.61 vox | blur 0.112 alias 0.016 noise 0.175 total 0.212 | holes 0.311 | real SNR 18.2 (8 s)
[2024-11-13_025JC --set snr --noise-mult 2] 05:12:34 MS200      MS=200 kd2=0.2 (sigma 0.158 dk) gplb=300: FWHM all 2.63 bin0 2.66 vox | blur 0.110 alias 0.017 noise 0.148 total 0.191 | holes 0.446 | real SNR 18.9 (13 s)
[2024-11-13_025JC --set snr --noise-mult 2] 05:12:38 done -> /Users/hoomham/Hooman/Work/Codes/2026_ASAP_Recon/workspace/outputs/tune_gas/2024-11-13_025JC_snr_nm2
[2024-11-13_025JC --set snr --noise-mult 3] 05:13:02 noise x3: sweep sigma 2.939
[2024-11-13_025JC --set snr --noise-mult 3] 05:13:29 gplb100    MS=240 kd2=0.2 (sigma 0.132 dk) gplb=100: FWHM all 4.67 bin0 4.74 vox | blur 0.217 alias 0.012 noise 0.055 total 0.230 | holes 0.562 | real SNR 39.1 (27 s)
[2024-11-13_025JC --set snr --noise-mult 3] 05:13:50 gplb150    MS=240 kd2=0.2 (sigma 0.132 dk) gplb=150: FWHM all 3.64 bin0 3.70 vox | blur 0.172 alias 0.016 noise 0.091 total 0.203 | holes 0.562 | real SNR 30.0 (21 s)
[2024-11-13_025JC --set snr --noise-mult 3] 05:14:08 gplb200    MS=240 kd2=0.2 (sigma 0.132 dk) gplb=200: FWHM all 3.14 bin0 3.18 vox | blur 0.147 alias 0.019 noise 0.124 total 0.201 | holes 0.562 | real SNR 25.2 (19 s)
[2024-11-13_025JC --set snr --noise-mult 3] 05:14:28 prod       MS=240 kd2=0.2 (sigma 0.132 dk) gplb=300: FWHM all 2.67 bin0 2.70 vox | blur 0.118 alias 0.021 noise 0.183 total 0.226 | holes 0.562 | real SNR 19.9 (19 s)
[2024-11-13_025JC --set snr --noise-mult 3] 05:14:46 gplb450    MS=240 kd2=0.2 (sigma 0.132 dk) gplb=450: FWHM all 2.43 bin0 2.46 vox | blur 0.099 alias 0.023 noise 0.248 total 0.274 | holes 0.562 | real SNR 16.2 (19 s)
[2024-11-13_025JC --set snr --noise-mult 3] 05:15:06 gplb700    MS=240 kd2=0.2 (sigma 0.132 dk) gplb=700: FWHM all 2.32 bin0 2.34 vox | blur 0.087 alias 0.025 noise 0.303 total 0.322 | holes 0.562 | real SNR 14.0 (19 s)
[2024-11-13_025JC --set snr --noise-mult 3] 05:15:16 MS160      MS=160 kd2=0.2 (sigma 0.198 dk) gplb=300: FWHM all 2.59 bin0 2.61 vox | blur 0.112 alias 0.016 noise 0.262 total 0.288 | holes 0.311 | real SNR 18.2 (10 s)
[2024-11-13_025JC --set snr --noise-mult 3] 05:15:32 MS200      MS=200 kd2=0.2 (sigma 0.158 dk) gplb=300: FWHM all 2.63 bin0 2.66 vox | blur 0.110 alias 0.017 noise 0.222 total 0.253 | holes 0.446 | real SNR 18.9 (16 s)
[2024-11-13_025JC --set snr --noise-mult 3] 05:15:36 done -> /Users/hoomham/Hooman/Work/Codes/2026_ASAP_Recon/workspace/outputs/tune_gas/2024-11-13_025JC_snr_nm3
[2024-11-13_025JC --set snr --noise-mult 4] 05:15:56 noise x4: sweep sigma 3.919
[2024-11-13_025JC --set snr --noise-mult 4] 05:16:20 gplb100    MS=240 kd2=0.2 (sigma 0.132 dk) gplb=100: FWHM all 4.67 bin0 4.74 vox | blur 0.217 alias 0.012 noise 0.074 total 0.235 | holes 0.562 | real SNR 39.1 (24 s)
[2024-11-13_025JC --set snr --noise-mult 4] 05:16:43 gplb150    MS=240 kd2=0.2 (sigma 0.132 dk) gplb=150: FWHM all 3.64 bin0 3.70 vox | blur 0.172 alias 0.016 noise 0.121 total 0.218 | holes 0.562 | real SNR 30.0 (23 s)
[2024-11-13_025JC --set snr --noise-mult 4] 05:17:04 gplb200    MS=240 kd2=0.2 (sigma 0.132 dk) gplb=200: FWHM all 3.14 bin0 3.18 vox | blur 0.147 alias 0.019 noise 0.165 total 0.229 | holes 0.562 | real SNR 25.2 (21 s)
[2024-11-13_025JC --set snr --noise-mult 4] 05:17:27 prod       MS=240 kd2=0.2 (sigma 0.132 dk) gplb=300: FWHM all 2.67 bin0 2.70 vox | blur 0.118 alias 0.021 noise 0.243 total 0.278 | holes 0.562 | real SNR 19.9 (23 s)
[2024-11-13_025JC --set snr --noise-mult 4] 05:17:49 gplb450    MS=240 kd2=0.2 (sigma 0.132 dk) gplb=450: FWHM all 2.43 bin0 2.46 vox | blur 0.099 alias 0.023 noise 0.331 total 0.351 | holes 0.562 | real SNR 16.2 (22 s)
[2024-11-13_025JC --set snr --noise-mult 4] 05:18:08 gplb700    MS=240 kd2=0.2 (sigma 0.132 dk) gplb=700: FWHM all 2.32 bin0 2.34 vox | blur 0.087 alias 0.025 noise 0.404 total 0.418 | holes 0.562 | real SNR 14.0 (19 s)
[2024-11-13_025JC --set snr --noise-mult 4] 05:18:15 MS160      MS=160 kd2=0.2 (sigma 0.198 dk) gplb=300: FWHM all 2.59 bin0 2.61 vox | blur 0.112 alias 0.016 noise 0.349 total 0.369 | holes 0.311 | real SNR 18.2 (7 s)
[2024-11-13_025JC --set snr --noise-mult 4] 05:18:25 MS200      MS=200 kd2=0.2 (sigma 0.158 dk) gplb=300: FWHM all 2.63 bin0 2.66 vox | blur 0.110 alias 0.017 noise 0.297 total 0.320 | holes 0.446 | real SNR 18.9 (10 s)
[2024-11-13_025JC --set snr --noise-mult 4] 05:18:28 done -> /Users/hoomham/Hooman/Work/Codes/2026_ASAP_Recon/workspace/outputs/tune_gas/2024-11-13_025JC_snr_nm4
[2024-11-13_025JC] ALL DONE
