[2024-10-02_011CN --set reg] 04:33:08 prod       MS=240 kd2=0.2 (sigma 0.132 dk) gplb=300: FWHM all 2.67 bin0 2.70 vox | blur 0.155 alias 0.018 noise 0.058 total 0.178 | holes 0.545 | real SNR 19.5 (23 s)
[2024-10-02_011CN --set reg] 04:33:35 gplb450    MS=240 kd2=0.2 (sigma 0.132 dk) gplb=450: FWHM all 2.43 bin0 2.46 vox | blur 0.134 alias 0.019 noise 0.079 total 0.169 | holes 0.545 | real SNR 16.7 (27 s)
[2024-10-02_011CN --set reg] 04:33:58 gplb700    MS=240 kd2=0.2 (sigma 0.132 dk) gplb=700: FWHM all 2.32 bin0 2.34 vox | blur 0.122 alias 0.020 noise 0.097 total 0.169 | holes 0.545 | real SNR 14.9 (23 s)
[2024-10-02_011CN --set reg] 04:34:27 gplb0      MS=240 kd2=0.2 (sigma 0.132 dk) gplb=0: FWHM all 2.24 bin0 2.26 vox | blur 0.113 alias 0.021 noise 0.115 total 0.173 | holes 0.545 | real SNR 13.3 (29 s)
[2024-10-02_011CN --set reg] 04:34:39 MS160      MS=160 kd2=0.2 (sigma 0.198 dk) gplb=300: FWHM all 2.59 bin0 2.61 vox | blur 0.158 alias 0.011 noise 0.081 total 0.183 | holes 0.298 | real SNR 18.2 (12 s)
[2024-10-02_011CN --set reg] 04:35:00 MS200      MS=200 kd2=0.2 (sigma 0.158 dk) gplb=300: FWHM all 2.63 bin0 2.65 vox | blur 0.147 alias 0.013 noise 0.070 total 0.171 | holes 0.429 | real SNR 18.8 (21 s)
[2024-10-02_011CN --set reg] 04:35:14 MS160g450  MS=160 kd2=0.2 (sigma 0.198 dk) gplb=450: FWHM all 2.36 bin0 2.38 vox | blur 0.138 alias 0.012 noise 0.114 total 0.184 | holes 0.298 | real SNR 15.1 (14 s)
[2024-10-02_011CN --set reg] 04:35:45 MS200g450  MS=200 kd2=0.2 (sigma 0.158 dk) gplb=450: FWHM all 2.40 bin0 2.42 vox | blur 0.125 alias 0.014 noise 0.097 total 0.166 | holes 0.429 | real SNR 15.8 (31 s)
[2024-10-02_011CN --set reg] 04:36:09 MS160g700  MS=160 kd2=0.2 (sigma 0.198 dk) gplb=700: FWHM all 2.25 bin0 2.26 vox | blur 0.128 alias 0.013 noise 0.143 total 0.196 | holes 0.298 | real SNR 13.2 (24 s)
[2024-10-02_011CN --set reg] 04:36:17 done -> /Users/hoomham/Hooman/Work/Codes/2026_ASAP_Recon/workspace/outputs/tune_gas/2024-10-02_011CN_reg
[2024-10-02_011CN --set stab --bindist0sq 0.5] 04:37:01 non-production binning (nbins 16, bindist0sq 0.5): no Tyger rebuild check
[2024-10-02_011CN --set stab --bindist0sq 0.5] 04:38:07 prod       MS=240 kd2=0.2 (sigma 0.132 dk) gplb=300: FWHM all 2.67 bin0 2.74 vox | blur 0.155 alias 0.045 noise 0.063 total 0.203 | holes 0.612 | real SNR 17.4 (62 s)
[2024-10-02_011CN --set stab --bindist0sq 0.5] 04:39:49 gplb200    MS=240 kd2=0.2 (sigma 0.132 dk) gplb=200: FWHM all 3.14 bin0 3.23 vox | blur 0.189 alias 0.040 noise 0.044 total 0.225 | holes 0.612 | real SNR 20.5 (102 s)
[2024-10-02_011CN --set stab --bindist0sq 0.5] 04:41:32 gplb450    MS=240 kd2=0.2 (sigma 0.132 dk) gplb=450: FWHM all 2.43 bin0 2.49 vox | blur 0.134 alias 0.049 noise 0.085 total 0.195 | holes 0.612 | real SNR 15.0 (103 s)
[2024-10-02_011CN --set stab --bindist0sq 0.5] 04:41:55 MS160      MS=160 kd2=0.2 (sigma 0.198 dk) gplb=300: FWHM all 2.59 bin0 2.64 vox | blur 0.158 alias 0.027 noise 0.094 total 0.201 | holes 0.360 | real SNR 15.7 (23 s)
[2024-10-02_011CN --set stab --bindist0sq 0.5] 04:42:37 MS200      MS=200 kd2=0.2 (sigma 0.158 dk) gplb=300: FWHM all 2.63 bin0 2.70 vox | blur 0.147 alias 0.035 noise 0.078 total 0.191 | holes 0.500 | real SNR 16.5 (42 s)
[2024-10-02_011CN --set stab --bindist0sq 0.5] 04:42:42 done -> /Users/hoomham/Hooman/Work/Codes/2026_ASAP_Recon/workspace/outputs/tune_gas/2024-10-02_011CN_stab_bd0.5
[2024-10-02_011CN --set stab --bindist0sq 1] 04:43:31 non-production binning (nbins 16, bindist0sq 1): no Tyger rebuild check
[2024-10-02_011CN --set stab --bindist0sq 1] 04:44:03 prod       MS=240 kd2=0.2 (sigma 0.132 dk) gplb=300: FWHM all 2.67 bin0 2.72 vox | blur 0.155 alias 0.028 noise 0.062 total 0.188 | holes 0.572 | real SNR 18.3 (28 s)
[2024-10-02_011CN --set stab --bindist0sq 1] 04:44:34 gplb200    MS=240 kd2=0.2 (sigma 0.132 dk) gplb=200: FWHM all 3.14 bin0 3.20 vox | blur 0.189 alias 0.024 noise 0.042 total 0.212 | holes 0.572 | real SNR 21.7 (31 s)
[2024-10-02_011CN --set stab --bindist0sq 1] 04:44:56 gplb450    MS=240 kd2=0.2 (sigma 0.132 dk) gplb=450: FWHM all 2.43 bin0 2.47 vox | blur 0.134 alias 0.030 noise 0.084 total 0.180 | holes 0.572 | real SNR 15.7 (22 s)
[2024-10-02_011CN --set stab --bindist0sq 1] 04:45:08 MS160      MS=160 kd2=0.2 (sigma 0.198 dk) gplb=300: FWHM all 2.59 bin0 2.62 vox | blur 0.158 alias 0.017 noise 0.088 total 0.191 | holes 0.320 | real SNR 16.8 (12 s)
[2024-10-02_011CN --set stab --bindist0sq 1] 04:45:25 MS200      MS=200 kd2=0.2 (sigma 0.158 dk) gplb=300: FWHM all 2.63 bin0 2.67 vox | blur 0.147 alias 0.021 noise 0.075 total 0.179 | holes 0.456 | real SNR 17.5 (18 s)
[2024-10-02_011CN --set stab --bindist0sq 1] 04:45:28 done -> /Users/hoomham/Hooman/Work/Codes/2026_ASAP_Recon/workspace/outputs/tune_gas/2024-10-02_011CN_stab_bd1
[2024-10-02_011CN --set stab --bindist0sq 4] 04:45:48 non-production binning (nbins 16, bindist0sq 4): no Tyger rebuild check
[2024-10-02_011CN --set stab --bindist0sq 4] 04:46:18 prod       MS=240 kd2=0.2 (sigma 0.132 dk) gplb=300: FWHM all 2.67 bin0 2.69 vox | blur 0.155 alias 0.012 noise 0.053 total 0.172 | holes 0.527 | real SNR 21.1 (26 s)
[2024-10-02_011CN --set stab --bindist0sq 4] 04:46:44 gplb200    MS=240 kd2=0.2 (sigma 0.132 dk) gplb=200: FWHM all 3.14 bin0 3.16 vox | blur 0.189 alias 0.010 noise 0.036 total 0.199 | holes 0.527 | real SNR 24.8 (26 s)
[2024-10-02_011CN --set stab --bindist0sq 4] 04:47:11 gplb450    MS=240 kd2=0.2 (sigma 0.132 dk) gplb=450: FWHM all 2.43 bin0 2.45 vox | blur 0.134 alias 0.013 noise 0.072 total 0.161 | holes 0.527 | real SNR 18.2 (27 s)
[2024-10-02_011CN --set stab --bindist0sq 4] 04:47:25 MS160      MS=160 kd2=0.2 (sigma 0.198 dk) gplb=300: FWHM all 2.59 bin0 2.60 vox | blur 0.158 alias 0.007 noise 0.072 total 0.176 | holes 0.284 | real SNR 20.0 (14 s)
[2024-10-02_011CN --set stab --bindist0sq 4] 04:47:42 MS200      MS=200 kd2=0.2 (sigma 0.158 dk) gplb=300: FWHM all 2.63 bin0 2.65 vox | blur 0.147 alias 0.009 noise 0.063 total 0.165 | holes 0.412 | real SNR 20.6 (18 s)
[2024-10-02_011CN --set stab --bindist0sq 4] 04:47:45 done -> /Users/hoomham/Hooman/Work/Codes/2026_ASAP_Recon/workspace/outputs/tune_gas/2024-10-02_011CN_stab_bd4
[2024-10-02_011CN --set stab --nbins 8 --bins 0,2,4,6] 04:48:05 non-production binning (nbins 8, bindist0sq 2): no Tyger rebuild check
[2024-10-02_011CN --set stab --nbins 8 --bins 0,2,4,6] 04:48:38 prod       MS=240 kd2=0.2 (sigma 0.132 dk) gplb=300: FWHM all 2.67 bin0 2.68 vox | blur 0.155 alias 0.008 noise 0.046 total 0.167 | holes 0.515 | real SNR 23.2 (29 s)
[2024-10-02_011CN --set stab --nbins 8 --bins 0,2,4,6] 04:49:11 gplb200    MS=240 kd2=0.2 (sigma 0.132 dk) gplb=200: FWHM all 3.14 bin0 3.15 vox | blur 0.189 alias 0.007 noise 0.031 total 0.196 | holes 0.515 | real SNR 26.9 (33 s)
[2024-10-02_011CN --set stab --nbins 8 --bins 0,2,4,6] 04:50:03 gplb450    MS=240 kd2=0.2 (sigma 0.132 dk) gplb=450: FWHM all 2.43 bin0 2.44 vox | blur 0.134 alias 0.009 noise 0.062 total 0.153 | holes 0.515 | real SNR 20.2 (53 s)
[2024-10-02_011CN --set stab --nbins 8 --bins 0,2,4,6] 04:50:34 MS160      MS=160 kd2=0.2 (sigma 0.198 dk) gplb=300: FWHM all 2.59 bin0 2.60 vox | blur 0.158 alias 0.005 noise 0.061 total 0.171 | holes 0.275 | real SNR 22.2 (30 s)
[2024-10-02_011CN --set stab --nbins 8 --bins 0,2,4,6] 04:51:09 MS200      MS=200 kd2=0.2 (sigma 0.158 dk) gplb=300: FWHM all 2.63 bin0 2.64 vox | blur 0.147 alias 0.006 noise 0.054 total 0.160 | holes 0.400 | real SNR 22.8 (36 s)
[2024-10-02_011CN --set stab --nbins 8 --bins 0,2,4,6] 04:51:15 done -> /Users/hoomham/Hooman/Work/Codes/2026_ASAP_Recon/workspace/outputs/tune_gas/2024-10-02_011CN_stab_nb8
[2024-10-02_011CN --set stab --nbins 24 --bins 0,6,12,18] 04:52:02 non-production binning (nbins 24, bindist0sq 2): no Tyger rebuild check
[2024-10-02_011CN --set stab --nbins 24 --bins 0,6,12,18] 04:52:42 prod       MS=240 kd2=0.2 (sigma 0.132 dk) gplb=300: FWHM all 2.67 bin0 2.72 vox | blur 0.155 alias 0.030 noise 0.062 total 0.190 | holes 0.578 | real SNR 18.2 (36 s)
[2024-10-02_011CN --set stab --nbins 24 --bins 0,6,12,18] 04:53:18 gplb200    MS=240 kd2=0.2 (sigma 0.132 dk) gplb=200: FWHM all 3.14 bin0 3.20 vox | blur 0.189 alias 0.027 noise 0.043 total 0.214 | holes 0.578 | real SNR 21.5 (37 s)
[2024-10-02_011CN --set stab --nbins 24 --bins 0,6,12,18] 04:53:57 gplb450    MS=240 kd2=0.2 (sigma 0.132 dk) gplb=450: FWHM all 2.43 bin0 2.48 vox | blur 0.134 alias 0.033 noise 0.084 total 0.182 | holes 0.578 | real SNR 15.6 (39 s)
[2024-10-02_011CN --set stab --nbins 24 --bins 0,6,12,18] 04:54:15 MS160      MS=160 kd2=0.2 (sigma 0.198 dk) gplb=300: FWHM all 2.59 bin0 2.63 vox | blur 0.158 alias 0.019 noise 0.089 total 0.192 | holes 0.326 | real SNR 16.6 (18 s)
[2024-10-02_011CN --set stab --nbins 24 --bins 0,6,12,18] 04:54:38 MS200      MS=200 kd2=0.2 (sigma 0.158 dk) gplb=300: FWHM all 2.63 bin0 2.68 vox | blur 0.147 alias 0.023 noise 0.076 total 0.181 | holes 0.463 | real SNR 17.3 (23 s)
[2024-10-02_011CN --set stab --nbins 24 --bins 0,6,12,18] 04:54:42 done -> /Users/hoomham/Hooman/Work/Codes/2026_ASAP_Recon/workspace/outputs/tune_gas/2024-10-02_011CN_stab_nb24
[2024-10-02_011CN --set snr --noise-mult 1] 04:56:08 gplb100    MS=240 kd2=0.2 (sigma 0.132 dk) gplb=100: FWHM all 4.67 bin0 4.73 vox | blur 0.281 alias 0.010 noise 0.018 total 0.289 | holes 0.545 | real SNR 30.7 (42 s)
[2024-10-02_011CN --set snr --noise-mult 1] 04:57:08 gplb150    MS=240 kd2=0.2 (sigma 0.132 dk) gplb=150: FWHM all 3.64 bin0 3.69 vox | blur 0.221 alias 0.013 noise 0.029 total 0.233 | holes 0.545 | real SNR 25.9 (60 s)
[2024-10-02_011CN --set snr --noise-mult 1] 04:58:02 gplb200    MS=240 kd2=0.2 (sigma 0.132 dk) gplb=200: FWHM all 3.14 bin0 3.17 vox | blur 0.189 alias 0.015 noise 0.040 total 0.204 | holes 0.545 | real SNR 23.0 (54 s)
[2024-10-02_011CN --set snr --noise-mult 1] 04:58:52 prod       MS=240 kd2=0.2 (sigma 0.132 dk) gplb=300: FWHM all 2.67 bin0 2.70 vox | blur 0.155 alias 0.018 noise 0.058 total 0.178 | holes 0.545 | real SNR 19.5 (50 s)
[2024-10-02_011CN --set snr --noise-mult 1] 04:59:32 gplb450    MS=240 kd2=0.2 (sigma 0.132 dk) gplb=450: FWHM all 2.43 bin0 2.46 vox | blur 0.134 alias 0.019 noise 0.079 total 0.169 | holes 0.545 | real SNR 16.7 (40 s)
[2024-10-02_011CN --set snr --noise-mult 1] 05:00:12 gplb700    MS=240 kd2=0.2 (sigma 0.132 dk) gplb=700: FWHM all 2.32 bin0 2.34 vox | blur 0.122 alias 0.020 noise 0.097 total 0.169 | holes 0.545 | real SNR 14.9 (40 s)
[2024-10-02_011CN --set snr --noise-mult 1] 05:00:31 MS160      MS=160 kd2=0.2 (sigma 0.198 dk) gplb=300: FWHM all 2.59 bin0 2.61 vox | blur 0.158 alias 0.011 noise 0.081 total 0.183 | holes 0.298 | real SNR 18.2 (19 s)
[2024-10-02_011CN --set snr --noise-mult 1] 05:00:57 MS200      MS=200 kd2=0.2 (sigma 0.158 dk) gplb=300: FWHM all 2.63 bin0 2.65 vox | blur 0.147 alias 0.013 noise 0.070 total 0.171 | holes 0.429 | real SNR 18.8 (26 s)
[2024-10-02_011CN --set snr --noise-mult 1] 05:01:02 done -> /Users/hoomham/Hooman/Work/Codes/2026_ASAP_Recon/workspace/outputs/tune_gas/2024-10-02_011CN_snr
[2024-10-02_011CN --set snr --noise-mult 1.5] 05:01:40 noise x1.5: sweep sigma 1.78
[2024-10-02_011CN --set snr --noise-mult 1.5] 05:02:24 gplb100    MS=240 kd2=0.2 (sigma 0.132 dk) gplb=100: FWHM all 4.67 bin0 4.73 vox | blur 0.281 alias 0.010 noise 0.026 total 0.290 | holes 0.545 | real SNR 30.7 (44 s)
[2024-10-02_011CN --set snr --noise-mult 1.5] 05:03:18 gplb150    MS=240 kd2=0.2 (sigma 0.132 dk) gplb=150: FWHM all 3.64 bin0 3.69 vox | blur 0.221 alias 0.013 noise 0.044 total 0.235 | holes 0.545 | real SNR 25.9 (54 s)
[2024-10-02_011CN --set snr --noise-mult 1.5] 05:04:05 gplb200    MS=240 kd2=0.2 (sigma 0.132 dk) gplb=200: FWHM all 3.14 bin0 3.17 vox | blur 0.189 alias 0.015 noise 0.059 total 0.209 | holes 0.545 | real SNR 23.0 (48 s)
[2024-10-02_011CN --set snr --noise-mult 1.5] 05:04:51 prod       MS=240 kd2=0.2 (sigma 0.132 dk) gplb=300: FWHM all 2.67 bin0 2.70 vox | blur 0.155 alias 0.018 noise 0.088 total 0.190 | holes 0.545 | real SNR 19.5 (45 s)
[2024-10-02_011CN --set snr --noise-mult 1.5] 05:05:30 gplb450    MS=240 kd2=0.2 (sigma 0.132 dk) gplb=450: FWHM all 2.43 bin0 2.46 vox | blur 0.134 alias 0.019 noise 0.119 total 0.191 | holes 0.545 | real SNR 16.7 (39 s)
[2024-10-02_011CN --set snr --noise-mult 1.5] 05:06:07 gplb700    MS=240 kd2=0.2 (sigma 0.132 dk) gplb=700: FWHM all 2.32 bin0 2.34 vox | blur 0.122 alias 0.020 noise 0.146 total 0.201 | holes 0.545 | real SNR 14.9 (37 s)
[2024-10-02_011CN --set snr --noise-mult 1.5] 05:06:24 MS160      MS=160 kd2=0.2 (sigma 0.198 dk) gplb=300: FWHM all 2.59 bin0 2.61 vox | blur 0.158 alias 0.011 noise 0.121 total 0.204 | holes 0.298 | real SNR 18.2 (17 s)
[2024-10-02_011CN --set snr --noise-mult 1.5] 05:06:56 MS200      MS=200 kd2=0.2 (sigma 0.158 dk) gplb=300: FWHM all 2.63 bin0 2.65 vox | blur 0.147 alias 0.013 noise 0.105 total 0.188 | holes 0.429 | real SNR 18.8 (32 s)
[2024-10-02_011CN --set snr --noise-mult 1.5] 05:07:05 done -> /Users/hoomham/Hooman/Work/Codes/2026_ASAP_Recon/workspace/outputs/tune_gas/2024-10-02_011CN_snr_nm1.5
[2024-10-02_011CN --set snr --noise-mult 2] 05:08:06 noise x2: sweep sigma 2.374
[2024-10-02_011CN --set snr --noise-mult 2] 05:08:58 gplb100    MS=240 kd2=0.2 (sigma 0.132 dk) gplb=100: FWHM all 4.67 bin0 4.73 vox | blur 0.281 alias 0.010 noise 0.035 total 0.291 | holes 0.545 | real SNR 30.7 (52 s)
[2024-10-02_011CN --set snr --noise-mult 2] 05:09:50 gplb150    MS=240 kd2=0.2 (sigma 0.132 dk) gplb=150: FWHM all 3.64 bin0 3.69 vox | blur 0.221 alias 0.013 noise 0.058 total 0.238 | holes 0.545 | real SNR 25.9 (52 s)
[2024-10-02_011CN --set snr --noise-mult 2] 05:10:22 gplb200    MS=240 kd2=0.2 (sigma 0.132 dk) gplb=200: FWHM all 3.14 bin0 3.17 vox | blur 0.189 alias 0.015 noise 0.079 total 0.215 | holes 0.545 | real SNR 23.0 (33 s)
[2024-10-02_011CN --set snr --noise-mult 2] 05:10:53 prod       MS=240 kd2=0.2 (sigma 0.132 dk) gplb=300: FWHM all 2.67 bin0 2.70 vox | blur 0.155 alias 0.018 noise 0.117 total 0.205 | holes 0.545 | real SNR 19.5 (31 s)
[2024-10-02_011CN --set snr --noise-mult 2] 05:11:24 gplb450    MS=240 kd2=0.2 (sigma 0.132 dk) gplb=450: FWHM all 2.43 bin0 2.46 vox | blur 0.134 alias 0.019 noise 0.159 total 0.218 | holes 0.545 | real SNR 16.7 (31 s)
[2024-10-02_011CN --set snr --noise-mult 2] 05:11:50 gplb700    MS=240 kd2=0.2 (sigma 0.132 dk) gplb=700: FWHM all 2.32 bin0 2.34 vox | blur 0.122 alias 0.020 noise 0.194 total 0.238 | holes 0.545 | real SNR 14.9 (26 s)
[2024-10-02_011CN --set snr --noise-mult 2] 05:11:58 MS160      MS=160 kd2=0.2 (sigma 0.198 dk) gplb=300: FWHM all 2.59 bin0 2.61 vox | blur 0.158 alias 0.011 noise 0.162 total 0.230 | holes 0.298 | real SNR 18.2 (8 s)
[2024-10-02_011CN --set snr --noise-mult 2] 05:12:11 MS200      MS=200 kd2=0.2 (sigma 0.158 dk) gplb=300: FWHM all 2.63 bin0 2.65 vox | blur 0.147 alias 0.013 noise 0.140 total 0.210 | holes 0.429 | real SNR 18.8 (13 s)
[2024-10-02_011CN --set snr --noise-mult 2] 05:12:14 done -> /Users/hoomham/Hooman/Work/Codes/2026_ASAP_Recon/workspace/outputs/tune_gas/2024-10-02_011CN_snr_nm2
[2024-10-02_011CN --set snr --noise-mult 3] 05:12:31 noise x3: sweep sigma 3.561
[2024-10-02_011CN --set snr --noise-mult 3] 05:12:54 gplb100    MS=240 kd2=0.2 (sigma 0.132 dk) gplb=100: FWHM all 4.67 bin0 4.73 vox | blur 0.281 alias 0.010 noise 0.053 total 0.294 | holes 0.545 | real SNR 30.7 (23 s)
[2024-10-02_011CN --set snr --noise-mult 3] 05:13:23 gplb150    MS=240 kd2=0.2 (sigma 0.132 dk) gplb=150: FWHM all 3.64 bin0 3.69 vox | blur 0.221 alias 0.013 noise 0.087 total 0.247 | holes 0.545 | real SNR 25.9 (30 s)
[2024-10-02_011CN --set snr --noise-mult 3] 05:13:44 gplb200    MS=240 kd2=0.2 (sigma 0.132 dk) gplb=200: FWHM all 3.14 bin0 3.17 vox | blur 0.189 alias 0.015 noise 0.119 total 0.233 | holes 0.545 | real SNR 23.0 (21 s)
[2024-10-02_011CN --set snr --noise-mult 3] 05:14:04 prod       MS=240 kd2=0.2 (sigma 0.132 dk) gplb=300: FWHM all 2.67 bin0 2.70 vox | blur 0.155 alias 0.018 noise 0.175 total 0.243 | holes 0.545 | real SNR 19.5 (20 s)
[2024-10-02_011CN --set snr --noise-mult 3] 05:14:23 gplb450    MS=240 kd2=0.2 (sigma 0.132 dk) gplb=450: FWHM all 2.43 bin0 2.46 vox | blur 0.134 alias 0.019 noise 0.238 total 0.281 | holes 0.545 | real SNR 16.7 (19 s)
[2024-10-02_011CN --set snr --noise-mult 3] 05:14:42 gplb700    MS=240 kd2=0.2 (sigma 0.132 dk) gplb=700: FWHM all 2.32 bin0 2.34 vox | blur 0.122 alias 0.020 noise 0.291 total 0.322 | holes 0.545 | real SNR 14.9 (19 s)
[2024-10-02_011CN --set snr --noise-mult 3] 05:14:50 MS160      MS=160 kd2=0.2 (sigma 0.198 dk) gplb=300: FWHM all 2.59 bin0 2.61 vox | blur 0.158 alias 0.011 noise 0.243 total 0.293 | holes 0.298 | real SNR 18.2 (8 s)
[2024-10-02_011CN --set snr --noise-mult 3] 05:15:04 MS200      MS=200 kd2=0.2 (sigma 0.158 dk) gplb=300: FWHM all 2.63 bin0 2.65 vox | blur 0.147 alias 0.013 noise 0.210 total 0.262 | holes 0.429 | real SNR 18.8 (13 s)
[2024-10-02_011CN --set snr --noise-mult 3] 05:15:08 done -> /Users/hoomham/Hooman/Work/Codes/2026_ASAP_Recon/workspace/outputs/tune_gas/2024-10-02_011CN_snr_nm3
[2024-10-02_011CN --set snr --noise-mult 4] 05:15:28 noise x4: sweep sigma 4.748
[2024-10-02_011CN --set snr --noise-mult 4] 05:15:49 gplb100    MS=240 kd2=0.2 (sigma 0.132 dk) gplb=100: FWHM all 4.67 bin0 4.73 vox | blur 0.281 alias 0.010 noise 0.070 total 0.297 | holes 0.545 | real SNR 30.7 (20 s)
[2024-10-02_011CN --set snr --noise-mult 4] 05:16:12 gplb150    MS=240 kd2=0.2 (sigma 0.132 dk) gplb=150: FWHM all 3.64 bin0 3.69 vox | blur 0.221 alias 0.013 noise 0.116 total 0.259 | holes 0.545 | real SNR 25.9 (24 s)
[2024-10-02_011CN --set snr --noise-mult 4] 05:16:35 gplb200    MS=240 kd2=0.2 (sigma 0.132 dk) gplb=200: FWHM all 3.14 bin0 3.17 vox | blur 0.189 alias 0.015 noise 0.159 total 0.256 | holes 0.545 | real SNR 23.0 (23 s)
[2024-10-02_011CN --set snr --noise-mult 4] 05:16:58 prod       MS=240 kd2=0.2 (sigma 0.132 dk) gplb=300: FWHM all 2.67 bin0 2.70 vox | blur 0.155 alias 0.018 noise 0.234 total 0.288 | holes 0.545 | real SNR 19.5 (23 s)
[2024-10-02_011CN --set snr --noise-mult 4] 05:17:20 gplb450    MS=240 kd2=0.2 (sigma 0.132 dk) gplb=450: FWHM all 2.43 bin0 2.46 vox | blur 0.134 alias 0.019 noise 0.318 total 0.351 | holes 0.545 | real SNR 16.7 (22 s)
[2024-10-02_011CN --set snr --noise-mult 4] 05:17:44 gplb700    MS=240 kd2=0.2 (sigma 0.132 dk) gplb=700: FWHM all 2.32 bin0 2.34 vox | blur 0.122 alias 0.020 noise 0.388 total 0.412 | holes 0.545 | real SNR 14.9 (23 s)
[2024-10-02_011CN --set snr --noise-mult 4] 05:17:51 MS160      MS=160 kd2=0.2 (sigma 0.198 dk) gplb=300: FWHM all 2.59 bin0 2.61 vox | blur 0.158 alias 0.011 noise 0.324 total 0.363 | holes 0.298 | real SNR 18.2 (8 s)
[2024-10-02_011CN --set snr --noise-mult 4] 05:18:04 MS200      MS=200 kd2=0.2 (sigma 0.158 dk) gplb=300: FWHM all 2.63 bin0 2.65 vox | blur 0.147 alias 0.013 noise 0.280 total 0.321 | holes 0.429 | real SNR 18.8 (13 s)
[2024-10-02_011CN --set snr --noise-mult 4] 05:18:07 done -> /Users/hoomham/Hooman/Work/Codes/2026_ASAP_Recon/workspace/outputs/tune_gas/2024-10-02_011CN_snr_nm4
[2024-10-02_011CN] ALL DONE
